Archive member included because of file (symbol)

C:\Program Files (x86)\VEX Robotics\VEXcode Pro V5\sdk/vexv5\libv5rt.a(v5_startup.c.obj)
                              (vexStartup)
C:\Program Files (x86)\VEX Robotics\VEXcode Pro V5\sdk/vexv5\libv5rt.a(v5_util.c.obj)
                              C:\Program Files (x86)\VEX Robotics\VEXcode Pro V5\sdk/vexv5\libv5rt.a(v5_startup.c.obj) (vexStdlibVersionLinked)
C:\Program Files (x86)\VEX Robotics\VEXcode Pro V5\sdk/vexv5\libv5rt.a(v5_apijump.c.obj)
                              C:\Program Files (x86)\VEX Robotics\VEXcode Pro V5\sdk/vexv5\libv5rt.a(v5_startup.c.obj) (vexPrivateApiEnable)
C:\Program Files (x86)\VEX Robotics\VEXcode Pro V5\sdk/vexv5\libv5rt.a(v5_apiversions.c.obj)
                              C:\Program Files (x86)\VEX Robotics\VEXcode Pro V5\sdk/vexv5\libv5rt.a(v5_apijump.c.obj) (vexSystemVersion)
C:\Program Files (x86)\VEX Robotics\VEXcode Pro V5\sdk/vexv5\libv5rt.a(vex_global.cpp.obj)
                              build/src/functions.o (vex::wait(double, vex::timeUnits))
C:\Program Files (x86)\VEX Robotics\VEXcode Pro V5\sdk/vexv5\libv5rt.a(vex_motor.cpp.obj)
                              build/src/main.o (vex::motor::~motor())
C:\Program Files (x86)\VEX Robotics\VEXcode Pro V5\sdk/vexv5\libv5rt.a(vex_imu.cpp.obj)
                              build/src/JAR-Template/drive.o (vex::inertial::setRotation(double, vex::rotationUnits))
C:\Program Files (x86)\VEX Robotics\VEXcode Pro V5\sdk/vexv5\libv5rt.a(vex_rotation.cpp.obj)
                              build/src/main.o (vex::rotation::~rotation())
C:\Program Files (x86)\VEX Robotics\VEXcode Pro V5\sdk/vexv5\libv5rt.a(vex_optical.cpp.obj)
                              build/src/robot-config.o (vex::optical::~optical())
C:\Program Files (x86)\VEX Robotics\VEXcode Pro V5\sdk/vexv5\libv5rt.a(vex_distance.cpp.obj)
                              build/src/functions.o (vex::distance::~distance())
C:\Program Files (x86)\VEX Robotics\VEXcode Pro V5\sdk/vexv5\libv5rt.a(vex_controller.cpp.obj)
                              build/src/robot-config.o (vex::controller::~controller())
C:\Program Files (x86)\VEX Robotics\VEXcode Pro V5\sdk/vexv5\libv5rt.a(vex_task.cpp.obj)
                              build/src/JAR-Template/drive.o (vex::task::task())
C:\Program Files (x86)\VEX Robotics\VEXcode Pro V5\sdk/vexv5\libv5rt.a(vex_thread.cpp.obj)
                              build/src/autons.o (vex::thread::thread(int (*)(void*), void*))
C:\Program Files (x86)\VEX Robotics\VEXcode Pro V5\sdk/vexv5\libv5rt.a(vex_event.cpp.obj)
                              C:\Program Files (x86)\VEX Robotics\VEXcode Pro V5\sdk/vexv5\libv5rt.a(vex_imu.cpp.obj) (vex::event::init(unsigned long, unsigned long, void (*)()))
C:\Program Files (x86)\VEX Robotics\VEXcode Pro V5\sdk/vexv5\libv5rt.a(vex_mevent.cpp.obj)
                              C:\Program Files (x86)\VEX Robotics\VEXcode Pro V5\sdk/vexv5\libv5rt.a(vex_controller.cpp.obj) (vex::mevent::mevent(unsigned long, unsigned long))
C:\Program Files (x86)\VEX Robotics\VEXcode Pro V5\sdk/vexv5\libv5rt.a(vex_brain.cpp.obj)
                              build/src/main.o (vex::brain::resetTimer())
C:\Program Files (x86)\VEX Robotics\VEXcode Pro V5\sdk/vexv5\libv5rt.a(vex_competition.cpp.obj)
                              build/src/main.o (vex::competition::competition())
C:\Program Files (x86)\VEX Robotics\VEXcode Pro V5\sdk/vexv5\libv5rt.a(vex_triport.cpp.obj)
                              build/src/main.o (vex::triport::~triport())
C:\Program Files (x86)\VEX Robotics\VEXcode Pro V5\sdk/vexv5\libv5rt.a(vex_color.cpp.obj)
                              C:\Program Files (x86)\VEX Robotics\VEXcode Pro V5\sdk/vexv5\libv5rt.a(vex_optical.cpp.obj) (vex::color::~color())
C:\Program Files (x86)\VEX Robotics\VEXcode Pro V5\sdk/vexv5\libv5rt.a(vex_timer.cpp.obj)
                              C:\Program Files (x86)\VEX Robotics\VEXcode Pro V5\sdk/vexv5\libv5rt.a(vex_brain.cpp.obj) (vex::timer::~timer())
C:\Program Files (x86)\VEX Robotics\VEXcode Pro V5\sdk/vexv5\libv5rt.a(vex_motorgroup.cpp.obj)
                              build/src/JAR-Template/drive.o (vex::motor_group::motor_group_motors::motor_group_motors(vex::motor_group::motor_group_motors const&))
C:\Program Files (x86)\VEX Robotics\VEXcode Pro V5\sdk/vexv5\libv5rt.a(v5_apiuser.c.obj)
                              C:\Program Files (x86)\VEX Robotics\VEXcode Pro V5\sdk/vexv5\libv5rt.a(vex_triport.cpp.obj) (vexAdiPortConfigSet)
C:\Program Files (x86)\VEX Robotics\VEXcode Pro V5\sdk/vexv5\libv5rt.a(vex_device.cpp.obj)
                              C:\Program Files (x86)\VEX Robotics\VEXcode Pro V5\sdk/vexv5\libv5rt.a(vex_motor.cpp.obj) (vex::device::~device())
C:\Program Files (x86)\VEX Robotics\VEXcode Pro V5\sdk/vexv5/gcc/libs\libc.a(lib_a-fini.o)
                              C:\Program Files (x86)\VEX Robotics\VEXcode Pro V5\sdk/vexv5\libv5rt.a(v5_startup.c.obj) (__libc_fini_array)
[...]
Memory Configuration

Name             Origin             Length             Attributes
ps7_ddr_0_S_AXI_BASEADDR 0x03800000         0x04800000
*default*        0x00000000         0xffffffff

Linker script and memory map

                0x00002000                _STACK_SIZE = DEFINED (_STACK_SIZE)?_STACK_SIZE:0x2000
                0x00100000                _HEAP_SIZE = DEFINED (_HEAP_SIZE)?_HEAP_SIZE:0x100000
                0x00000400                _ABORT_STACK_SIZE = DEFINED (_ABORT_STACK_SIZE)?_ABORT_STACK_SIZE:0x400
                0x00000800                _SUPERVISOR_STACK_SIZE = DEFINED (_SUPERVISOR_STACK_SIZE)?_SUPERVISOR_STACK_SIZE:0x800
                0x00000400                _IRQ_STACK_SIZE = DEFINED (_IRQ_STACK_SIZE)?_IRQ_STACK_SIZE:0x400
                0x00000400                _FIQ_STACK_SIZE = DEFINED (_FIQ_STACK_SIZE)?_FIQ_STACK_SIZE:0x400
                0x00000400                _UNDEF_STACK_SIZE = DEFINED (_UNDEF_STACK_SIZE)?_UNDEF_STACK_SIZE:0x400

.text           0x03800000     0xabd8
 *(.vectors)
 *(.boot_data)
 .boot_data     0x03800000       0x20 C:\Program Files (x86)\VEX Robotics\VEXcode Pro V5\sdk/vexv5\libv5rt.a(v5_startup.c.obj)
                0x03800000                vexCodeSig
                0x00000020                . = 0x20
 *(.boot)
 .boot          0x03800020       0xbc C:\Program Files (x86)\VEX Robotics\VEXcode Pro V5\sdk/vexv5\libv5rt.a(v5_startup.c.obj)
                0x03800020                vexStartup
                0x03800100                . = ALIGN (0x40)
 *fill*         0x038000dc       0x24 
 *(.freertos_vectors)
 *(.text)
 *(.text.*)
 .text._Z10autoIntakePv
                0x03800100       0x40 build/src/functions.o
                0x03800100                autoIntake(void*)
 .text._Z11intakeStorebb
                0x03800140      0x198 build/src/functions.o
                0x03800140                intakeStore(bool, bool)
 .text._Z9autoScorePv
                0x038002d8       0x40 build/src/functions.o
                0x038002d8                autoScore(void*)
 .text._Z14intakeScoreTopbb
                0x03800318      0x208 build/src/functions.o
                0x03800318                intakeScoreTop(bool, bool)
 .text._Z14intakeScoreMidd
                0x03800520       0x70 build/src/functions.o
                0x03800520                intakeScoreMid(double)
 .text._Z12sensorFilterN3vex8distanceEfb
                0x03800590      0x2c8 build/src/functions.o
                0x03800590                sensorFilter(vex::distance, float, bool)
 .text._Z13distanceReseti
                0x03800858      0xa9c build/src/functions.o
                0x03800858                distanceReset(int)
 .text._ZN3vex11motor_groupC2IJNS_5motorES2_EEERS2_DpRT_
                0x038012f4       0x44 build/src/main.o
                0x038012f4                vex::motor_group::motor_group<vex::motor, vex::motor>(vex::motor&, vex::motor&, vex::motor&)
 .text._ZN5DriveD2Ev
                0x03801338       0x7c build/src/main.o
                0x03801338                Drive::~Drive()
 .text._Z9pre_autonv
                0x038013b4      0x344 build/src/main.o
                0x038013b4                pre_auton()
 .text._Z10autonomousv
                0x038016f8      0x1cc build/src/main.o
                0x038016f8                autonomous()
 *fill*         0x038018c4        0x4 
 .text._Z11usercontrolv
                0x038018c8      0x498 build/src/main.o
                0x038018c8                usercontrol()
 .text.main     0x03801d60       0x68 build/src/main.o
                0x03801d60                main
 .text._ZZ11usercontrolvEN3$_08__invokeEv
                0x03801dc8       0x7c build/src/main.o
 .text._ZZ11usercontrolvEN3$_18__invokeEv
                0x03801e44       0x88 build/src/main.o
 .text._ZZ11usercontrolvEN3$_28__invokeEv
                0x03801ecc       0x70 build/src/main.o
 *fill*         0x03801f3c        0x4 
 .text._ZZ11usercontrolvEN3$_38__invokeEv
                0x03801f40       0x88 build/src/main.o
 .text._GLOBAL__sub_I_main.cpp
                0x03801fc8      0x174 build/src/main.o
 *fill*         0x0380213c        0x4 
 .text._Z9rightSawpb
                0x03802140      0x668 build/src/autons.o
                0x03802140                rightSawp(bool)
 .text._Z10right4Wingb
                0x038027a8      0x380 build/src/autons.o
                0x038027a8                right4Wing(bool)
 .text._Z10right7Wingb
                0x03802b28      0x3f8 build/src/autons.o
                0x03802b28                right7Wing(bool)
 .text._Z9left4Wingb
                0x03802f20      0x388 build/src/autons.o
                0x03802f20                left4Wing(bool)
 .text._Z9left7Wingb
                0x038032a8      0x410 build/src/autons.o
                0x038032a8                left7Wing(bool)
 .text._Z15rightCenterLongb
                0x038036b8      0x578 build/src/autons.o
                0x038036b8                rightCenterLong(bool)
 .text._Z14leftCenterLongb
                0x03803c30      0x4d0 build/src/autons.o
                0x03803c30                leftCenterLong(bool)
 .text._Z6skillsv
                0x03804100      0xc50 build/src/autons.o
                0x03804100                skills()
 .text._Z17default_constantsv
                0x03804d50      0x130 build/src/autons.o
                0x03804d50                default_constants()
 .text._Z14odom_constantsv
                0x03804e80       0x4c build/src/autons.o
                0x03804e80                odom_constants()
 .text._GLOBAL__sub_I_autons.cpp
                0x03804ecc       0x58 build/src/autons.o
 .text._Z11vexcodeInitv
                0x03804f24       0x34 build/src/robot-config.o
                0x03804f24                vexcodeInit()
 .text._ZN3vex11motor_group9_addMotorIJNS_5motorES2_S2_S2_EEEvRS2_DpRT_
                0x03804f58       0x4c build/src/robot-config.o
                0x03804f58                void vex::motor_group::_addMotor<vex::motor, vex::motor, vex::motor, vex::motor>(vex::motor&, vex::motor&, vex::motor&, vex::motor&, vex::motor&)
 .text._GLOBAL__sub_I_robot_config.cpp
                0x03804fa4      0x434 build/src/robot-config.o
 .text._Z15reduce_0_to_360f
                0x038053d8       0x7c build/src/JAR-Template/util.o
                0x038053d8                reduce_0_to_360(float)
 .text._Z26reduce_negative_180_to_180f
                0x03805454       0x90 build/src/JAR-Template/util.o
                0x03805454                reduce_negative_180_to_180(float)
 .text._Z24reduce_negative_90_to_90f
                0x038054e4       0x90 build/src/JAR-Template/util.o
                0x038054e4                reduce_negative_90_to_90(float)
 *fill*         0x03805574        0x4 
 .text._Z6to_radf
                0x03805578       0x28 build/src/JAR-Template/util.o
                0x03805578                to_rad(float)
 .text._Z6to_degf
                0x038055a0       0x28 build/src/JAR-Template/util.o
                0x038055a0                to_deg(float)
 .text._Z5clampfff
                0x038055c8       0x2c build/src/JAR-Template/util.o
                0x038055c8                clamp(float, float, float)
 .text._Z11is_reversedd
                0x038055f4       0x18 build/src/JAR-Template/util.o
                0x038055f4                is_reversed(double)
 *fill*         0x0380560c        0x4 
 .text._Z7to_voltf
                0x03805610       0x30 build/src/JAR-Template/util.o
                0x03805610                to_volt(float)
 .text._Z7to_porti
                0x03805640       0x10 build/src/JAR-Template/util.o
                0x03805640                to_port(int)
 .text._Z8deadbandff
                0x03805650       0x28 build/src/JAR-Template/util.o
                0x03805650                deadband(float, float)
 .text._Z15is_line_settledfffff
                0x03805678       0xa8 build/src/JAR-Template/util.o
                0x03805678                is_line_settled(float, float, float, float, float)
 .text._Z20left_voltage_scalingff
                0x03805720       0x48 build/src/JAR-Template/util.o
                0x03805720                left_voltage_scaling(float, float)
 .text._Z21right_voltage_scalingff
                0x03805768       0x48 build/src/JAR-Template/util.o
                0x03805768                right_voltage_scaling(float, float)
 .text._Z17clamp_min_voltageff
                0x038057b0       0x4c build/src/JAR-Template/util.o
                0x038057b0                clamp_min_voltage(float, float)
 .text._ZN4Odom22set_physical_distancesEff
                0x038057fc        0x8 build/src/JAR-Template/odom.o
                0x038057fc                Odom::set_physical_distances(float, float)
 .text._ZN4Odom12set_positionEfffff
                0x03805804       0x1c build/src/JAR-Template/odom.o
                0x03805804                Odom::set_position(float, float, float, float, float)
 .text._ZN4Odom15update_positionEfff
                0x03805820      0x1a4 build/src/JAR-Template/odom.o
                0x03805820                Odom::update_position(float, float, float)
 *fill*         0x038059c4        0x4 
 .text._ZN5DriveC2E11drive_setupN3vex11motor_groupES2_ifffiiiiiffiff
                0x038059c8      0x268 build/src/JAR-Template/drive.o
                0x038059c8                Drive::Drive(drive_setup, vex::motor_group, vex::motor_group, int, float, float, float, int, int, int, int, int, float, float, int, float, float)
                0x038059c8                Drive::Drive(drive_setup, vex::motor_group, vex::motor_group, int, float, float, float, int, int, int, int, int, float, float, int, float, float)
 .text._ZN5Drive18drive_with_voltageEff
                0x03805c30       0x6c build/src/JAR-Template/drive.o
                0x03805c30                Drive::drive_with_voltage(float, float)
 .text._ZN5Drive18set_turn_constantsEfffff
                0x03805c9c       0x1c build/src/JAR-Template/drive.o
                0x03805c9c                Drive::set_turn_constants(float, float, float, float, float)
 .text._ZN5Drive19set_drive_constantsEfffff
                0x03805cb8       0x1c build/src/JAR-Template/drive.o
                0x03805cb8                Drive::set_drive_constants(float, float, float, float, float)
 .text._ZN5Drive21set_heading_constantsEfffff
                0x03805cd4       0x1c build/src/JAR-Template/drive.o
                0x03805cd4                Drive::set_heading_constants(float, float, float, float, float)
 .text._ZN5Drive19set_swing_constantsEfffff
                0x03805cf0       0x1c build/src/JAR-Template/drive.o
                0x03805cf0                Drive::set_swing_constants(float, float, float, float, float)
 .text._ZN5Drive24set_turn_exit_conditionsEfff
                0x03805d0c        0xc build/src/JAR-Template/drive.o
                0x03805d0c                Drive::set_turn_exit_conditions(float, float, float)
 .text._ZN5Drive25set_drive_exit_conditionsEfff
                0x03805d18        0xc build/src/JAR-Template/drive.o
                0x03805d18                Drive::set_drive_exit_conditions(float, float, float)
 .text._ZN5Drive25set_swing_exit_conditionsEfff
                0x03805d24        0xc build/src/JAR-Template/drive.o
                0x03805d24                Drive::set_swing_exit_conditions(float, float, float)
 .text._ZN5Drive20get_absolute_headingEv
                0x03805d30       0x48 build/src/JAR-Template/drive.o
                0x03805d30                Drive::get_absolute_heading()
 .text._ZN5Drive13turn_to_angleEf
                0x03805d78       0x50 build/src/JAR-Template/drive.o
                0x03805d78                Drive::turn_to_angle(float)
 .text._ZN5Drive13turn_to_angleEfffffffff
                0x03805dc8      0x150 build/src/JAR-Template/drive.o
                0x03805dc8                Drive::turn_to_angle(float, float, float, float, float, float, float, float, float)
 .text._ZN5Drive13turn_to_angleEfffff
                0x03805f18       0x48 build/src/JAR-Template/drive.o
                0x03805f18                Drive::turn_to_angle(float, float, float, float, float)
 .text._ZN5Drive14drive_distanceEf
                0x03805f60       0xc8 build/src/JAR-Template/drive.o
                0x03805f60                Drive::drive_distance(float)
 .text._ZN5Drive14drive_distanceEfffffffffffffff
                0x03806028      0x2d8 build/src/JAR-Template/drive.o
                0x03806028                Drive::drive_distance(float, float, float, float, float, float, float, float, float, float, float, float, float, float, float)
 .text._ZN5Drive14drive_distanceEfffffff
                0x03806300       0x78 build/src/JAR-Template/drive.o
                0x03806300                Drive::drive_distance(float, float, float, float, float, float, float)
 .text._ZN5Drive27get_ForwardTracker_positionEv
                0x03806378       0xe8 build/src/JAR-Template/drive.o
                0x03806378                Drive::get_ForwardTracker_position()
 .text._ZN5Drive28get_SidewaysTracker_positionEv
                0x03806460       0x88 build/src/JAR-Template/drive.o
                0x03806460                Drive::get_SidewaysTracker_position()
 .text._ZN5Drive14position_trackEv
                0x038064e8       0x88 build/src/JAR-Template/drive.o
                0x038064e8                Drive::position_track()
 .text._ZN5Drive15set_coordinatesEfff
                0x03806570       0xb0 build/src/JAR-Template/drive.o
                0x03806570                Drive::set_coordinates(float, float, float)
 .text._ZN5Drive19position_track_taskEv
                0x03806620       0x14 build/src/JAR-Template/drive.o
                0x03806620                Drive::position_track_task()
 .text._ZN5Drive14get_X_positionEv
                0x03806634        0x8 build/src/JAR-Template/drive.o
                0x03806634                Drive::get_X_position()
 .text._ZN5Drive14get_Y_positionEv
                0x0380663c        0x8 build/src/JAR-Template/drive.o
                0x0380663c                Drive::get_Y_position()
 .text._ZN5Drive14drive_to_pointEff
                0x03806644       0x80 build/src/JAR-Template/drive.o
                0x03806644                Drive::drive_to_point(float, float)
 *fill*         0x038066c4        0x4 
 .text._ZN5Drive14drive_to_pointEffffffffffffffff
                0x038066c8      0x36c build/src/JAR-Template/drive.o
                0x038066c8                Drive::drive_to_point(float, float, float, float, float, float, float, float, float, float, float, float, float, float, float, float)
 .text._ZN5Drive14drive_to_pointEfffff
                0x03806a34       0x80 build/src/JAR-Template/drive.o
                0x03806a34                Drive::drive_to_point(float, float, float, float, float)
 .text._ZN5Drive14drive_to_pointEffffffff
                0x03806ab4       0x80 build/src/JAR-Template/drive.o
                0x03806ab4                Drive::drive_to_point(float, float, float, float, float, float, float, float)
 .text._ZN5Drive13turn_to_pointEff
                0x03806b34       0x5c build/src/JAR-Template/drive.o
                0x03806b34                Drive::turn_to_point(float, float)
 .text._ZN5Drive13turn_to_pointEfffffffffff
                0x03806b90      0x1d0 build/src/JAR-Template/drive.o
                0x03806b90                Drive::turn_to_point(float, float, float, float, float, float, float, float, float, float, float)
 .text._ZN5Drive13turn_to_pointEfff
                0x03806d60       0x58 build/src/JAR-Template/drive.o
                0x03806d60                Drive::turn_to_point(float, float, float)
 .text._ZN5Drive13turn_to_pointEfffffff
                0x03806db8       0x58 build/src/JAR-Template/drive.o
                0x03806db8                Drive::turn_to_point(float, float, float, float, float, float, float)
 .text._ZN5Drive14control_arcadeEv
                0x03806e10      0x158 build/src/JAR-Template/drive.o
                0x03806e10                Drive::control_arcade()
 .text._ZN3PIDC2Efffff
                0x03806f68       0x38 build/src/JAR-Template/PID.o
                0x03806f68                PID::PID(float, float, float, float, float)
                0x03806f68                PID::PID(float, float, float, float, float)
 .text._ZN3PIDC2Effffffff
                0x03806fa0       0x50 build/src/JAR-Template/PID.o
                0x03806fa0                PID::PID(float, float, float, float, float, float, float, float)
                0x03806fa0                PID::PID(float, float, float, float, float, float, float, float)
 .text._ZN3PID7computeEf
                0x03806ff0       0xd0 build/src/JAR-Template/PID.o
                0x03806ff0                PID::compute(float)
 .text._ZN3PID10is_settledEv
                0x038070c0       0x44 build/src/JAR-Template/PID.o
                0x038070c0                PID::is_settled()
 .text.vexMain  0x03807104       0xb0 C:\Program Files (x86)\VEX Robotics\VEXcode Pro V5\sdk/vexv5\libv5rt.a(v5_startup.c.obj)
                0x03807104                vexMain
 .text.__vex_function_prolog
                0x038071b4       0x18 C:\Program Files (x86)\VEX Robotics\VEXcode Pro V5\sdk/vexv5\libv5rt.a(v5_startup.c.obj)
                0x038071b4                __vex_function_prolog
 .text._init    0x038071cc        0x4 C:\Program Files (x86)\VEX Robotics\VEXcode Pro V5\sdk/vexv5\libv5rt.a(v5_startup.c.obj)
                0x038071cc                _init
 .text._fini    0x038071d0        0x4 C:\Program Files (x86)\VEX Robotics\VEXcode Pro V5\sdk/vexv5\libv5rt.a(v5_startup.c.obj)
                0x038071d0                _fini
 .text.vexStdlibVersionLinked
                0x038071d4        0xc C:\Program Files (x86)\VEX Robotics\VEXcode Pro V5\sdk/vexv5\libv5rt.a(v5_util.c.obj)
                0x038071d4                vexStdlibVersionLinked
 .text.vexStdlibVersionVerify
                0x038071e0       0x30 C:\Program Files (x86)\VEX Robotics\VEXcode Pro V5\sdk/vexv5\libv5rt.a(v5_util.c.obj)
                0x038071e0                vexStdlibVersionVerify
 .text.vexPrivateApiEnable
                0x03807210       0x10 C:\Program Files (x86)\VEX Robotics\VEXcode Pro V5\sdk/vexv5\libv5rt.a(v5_apijump.c.obj)
                0x03807210                vexPrivateApiEnable
 .text.vexStdlibMismatchError
                0x03807220       0x3c C:\Program Files (x86)\VEX Robotics\VEXcode Pro V5\sdk/vexv5\libv5rt.a(v5_apijump.c.obj)
                0x03807220                vexStdlibMismatchError
 .text.vexTaskAdd
                0x0380725c       0x10 C:\Program Files (x86)\VEX Robotics\VEXcode Pro V5\sdk/vexv5\libv5rt.a(v5_apijump.c.obj)
                0x0380725c                vexTaskAdd
 .text.vexTasksRun
                0x0380726c       0x10 C:\Program Files (x86)\VEX Robotics\VEXcode Pro V5\sdk/vexv5\libv5rt.a(v5_apijump.c.obj)
                0x0380726c                vexTasksRun
 .text.vexTaskYield
                0x0380727c       0x10 C:\Program Files (x86)\VEX Robotics\VEXcode Pro V5\sdk/vexv5\libv5rt.a(v5_apijump.c.obj)
                0x0380727c                vexTaskYield
 .text.vexTaskCheckTimeslice
                0x0380728c       0x10 C:\Program Files (x86)\VEX Robotics\VEXcode Pro V5\sdk/vexv5\libv5rt.a(v5_apijump.c.obj)
                0x0380728c                vexTaskCheckTimeslice
 .text.vexTaskGetIndex
                0x0380729c       0x10 C:\Program Files (x86)\VEX Robotics\VEXcode Pro V5\sdk/vexv5\libv5rt.a(v5_apijump.c.obj)
                0x0380729c                vexTaskGetIndex
 .text.vexTaskSleep
                0x038072ac       0x10 C:\Program Files (x86)\VEX Robotics\VEXcode Pro V5\sdk/vexv5\libv5rt.a(v5_apijump.c.obj)
                0x038072ac                vexTaskSleep
 .text.vexTasksDump
                0x038072bc       0x1c C:\Program Files (x86)\VEX Robotics\VEXcode Pro V5\sdk/vexv5\libv5rt.a(v5_apijump.c.obj)
                0x038072bc                vexTasksDump
 .text.vexTaskGetTaskIndex
                0x038072d8       0x10 C:\Program Files (x86)\VEX Robotics\VEXcode Pro V5\sdk/vexv5\libv5rt.a(v5_apijump.c.obj)
                0x038072d8                vexTaskGetTaskIndex
 .text.vexTaskStopAll
                0x038072e8       0x10 C:\Program Files (x86)\VEX Robotics\VEXcode Pro V5\sdk/vexv5\libv5rt.a(v5_apijump.c.obj)
                0x038072e8                vexTaskStopAll
 .text.vexTaskRemoveAllUser
                0x038072f8       0x34 C:\Program Files (x86)\VEX Robotics\VEXcode Pro V5\sdk/vexv5\libv5rt.a(v5_apijump.c.obj)
                0x038072f8                vexTaskRemoveAllUser
 .text.vexTaskCompletionIdSet
                0x0380732c       0x10 C:\Program Files (x86)\VEX Robotics\VEXcode Pro V5\sdk/vexv5\libv5rt.a(v5_apijump.c.obj)
                0x0380732c                vexTaskCompletionIdSet
 .text.vexTaskAddWithArg
                0x0380733c       0x10 C:\Program Files (x86)\VEX Robotics\VEXcode Pro V5\sdk/vexv5\libv5rt.a(v5_apijump.c.obj)
                0x0380733c                vexTaskAddWithArg
 .text.vexTaskStopWithId
                0x0380734c       0x10 C:\Program Files (x86)\VEX Robotics\VEXcode Pro V5\sdk/vexv5\libv5rt.a(v5_apijump.c.obj)
                0x0380734c                vexTaskStopWithId
 .text.vexTaskGetCallbackAndId
                0x0380735c       0x54 C:\Program Files (x86)\VEX Robotics\VEXcode Pro V5\sdk/vexv5\libv5rt.a(v5_apijump.c.obj)
                0x0380735c                vexTaskGetCallbackAndId
 .text.vexCriticalSection
                0x038073b0       0x2c C:\Program Files (x86)\VEX Robotics\VEXcode Pro V5\sdk/vexv5\libv5rt.a(v5_apijump.c.obj)
                0x038073b0                vexCriticalSection
 .text.vexEventAdd
                0x038073dc       0x34 C:\Program Files (x86)\VEX Robotics\VEXcode Pro V5\sdk/vexv5\libv5rt.a(v5_apijump.c.obj)
                0x038073dc                vexEventAdd
 .text.vexEventUserIndexGet
                0x03807410       0x1c C:\Program Files (x86)\VEX Robotics\VEXcode Pro V5\sdk/vexv5\libv5rt.a(v5_apijump.c.obj)
                0x03807410                vexEventUserIndexGet
 .text.vexEventAddWithArg
                0x0380742c       0x3c C:\Program Files (x86)\VEX Robotics\VEXcode Pro V5\sdk/vexv5\libv5rt.a(v5_apijump.c.obj)
                0x0380742c                vexEventAddWithArg
 .text.vexEventsCleanup
                0x03807468       0x2c C:\Program Files (x86)\VEX Robotics\VEXcode Pro V5\sdk/vexv5\libv5rt.a(v5_apijump.c.obj)
                0x03807468                vexEventsCleanup
 .text.vexDebug
                0x03807494       0x38 C:\Program Files (x86)\VEX Robotics\VEXcode Pro V5\sdk/vexv5\libv5rt.a(v5_apijump.c.obj)
                0x03807494                vexDebug
 .text.vex_sprintf
                0x038074cc       0x40 C:\Program Files (x86)\VEX Robotics\VEXcode Pro V5\sdk/vexv5\libv5rt.a(v5_apijump.c.obj)
                0x038074cc                vex_sprintf
 .text.vex_vsnprintf
                0x0380750c       0x3c C:\Program Files (x86)\VEX Robotics\VEXcode Pro V5\sdk/vexv5\libv5rt.a(v5_apijump.c.obj)
                0x0380750c                vex_vsnprintf
 .text.vexSystemTimeGet
                0x03807548       0x1c C:\Program Files (x86)\VEX Robotics\VEXcode Pro V5\sdk/vexv5\libv5rt.a(v5_apijump.c.obj)
                0x03807548                vexSystemTimeGet
 .text.vexSystemExitRequest
                0x03807564       0x1c C:\Program Files (x86)\VEX Robotics\VEXcode Pro V5\sdk/vexv5\libv5rt.a(v5_apijump.c.obj)
                0x03807564                vexSystemExitRequest
 .text.vexDeviceGetByIndex
                0x03807580       0x24 C:\Program Files (x86)\VEX Robotics\VEXcode Pro V5\sdk/vexv5\libv5rt.a(v5_apijump.c.obj)
                0x03807580                vexDeviceGetByIndex
 .text.vexControllerGet
                0x038075a4       0x2c C:\Program Files (x86)\VEX Robotics\VEXcode Pro V5\sdk/vexv5\libv5rt.a(v5_apijump.c.obj)
                0x038075a4                vexControllerGet
 .text.vexControllerTextSet
                0x038075d0       0x74 C:\Program Files (x86)\VEX Robotics\VEXcode Pro V5\sdk/vexv5\libv5rt.a(v5_apijump.c.obj)
                0x038075d0                vexControllerTextSet
 .text.vexDeviceAdiPortConfigSet
                0x03807644       0x34 C:\Program Files (x86)\VEX Robotics\VEXcode Pro V5\sdk/vexv5\libv5rt.a(v5_apijump.c.obj)
                0x03807644                vexDeviceAdiPortConfigSet
 .text.vexDeviceAdiPortConfigGet
                0x03807678       0x2c C:\Program Files (x86)\VEX Robotics\VEXcode Pro V5\sdk/vexv5\libv5rt.a(v5_apijump.c.obj)
                0x03807678                vexDeviceAdiPortConfigGet
 .text.vexDeviceAdiValueSet
                0x038076a4       0x34 C:\Program Files (x86)\VEX Robotics\VEXcode Pro V5\sdk/vexv5\libv5rt.a(v5_apijump.c.obj)
                0x038076a4                vexDeviceAdiValueSet
 .text.vexDeviceAdiValueGet
                0x038076d8       0x2c C:\Program Files (x86)\VEX Robotics\VEXcode Pro V5\sdk/vexv5\libv5rt.a(v5_apijump.c.obj)
                0x038076d8                vexDeviceAdiValueGet
 .text.vexDeviceMotorVelocitySet
                0x03807704       0x2c C:\Program Files (x86)\VEX Robotics\VEXcode Pro V5\sdk/vexv5\libv5rt.a(v5_apijump.c.obj)
                0x03807704                vexDeviceMotorVelocitySet
 .text.vexDeviceMotorVoltageSet
                0x03807730       0x2c C:\Program Files (x86)\VEX Robotics\VEXcode Pro V5\sdk/vexv5\libv5rt.a(v5_apijump.c.obj)
                0x03807730                vexDeviceMotorVoltageSet
 .text.vexDeviceMotorVelocityGet
                0x0380775c       0x24 C:\Program Files (x86)\VEX Robotics\VEXcode Pro V5\sdk/vexv5\libv5rt.a(v5_apijump.c.obj)
                0x0380775c                vexDeviceMotorVelocityGet
 .text.vexDeviceMotorActualVelocityGet
                0x03807780       0x24 C:\Program Files (x86)\VEX Robotics\VEXcode Pro V5\sdk/vexv5\libv5rt.a(v5_apijump.c.obj)
                0x03807780                vexDeviceMotorActualVelocityGet
 .text.vexDeviceMotorModeGet
                0x038077a4       0x24 C:\Program Files (x86)\VEX Robotics\VEXcode Pro V5\sdk/vexv5\libv5rt.a(v5_apijump.c.obj)
                0x038077a4                vexDeviceMotorModeGet
 .text.vexDeviceMotorZeroPositionFlagGet
                0x038077c8       0x24 C:\Program Files (x86)\VEX Robotics\VEXcode Pro V5\sdk/vexv5\libv5rt.a(v5_apijump.c.obj)
                0x038077c8                vexDeviceMotorZeroPositionFlagGet
 .text.vexDeviceMotorReverseFlagSet
                0x038077ec       0x2c C:\Program Files (x86)\VEX Robotics\VEXcode Pro V5\sdk/vexv5\libv5rt.a(v5_apijump.c.obj)
                0x038077ec                vexDeviceMotorReverseFlagSet
 .text.vexDeviceMotorEncoderUnitsSet
                0x03807818       0x2c C:\Program Files (x86)\VEX Robotics\VEXcode Pro V5\sdk/vexv5\libv5rt.a(v5_apijump.c.obj)
                0x03807818                vexDeviceMotorEncoderUnitsSet
 .text.vexDeviceMotorBrakeModeSet
                0x03807844       0x2c C:\Program Files (x86)\VEX Robotics\VEXcode Pro V5\sdk/vexv5\libv5rt.a(v5_apijump.c.obj)
                0x03807844                vexDeviceMotorBrakeModeSet
 .text.vexDeviceMotorPositionSet
                0x03807870       0x34 C:\Program Files (x86)\VEX Robotics\VEXcode Pro V5\sdk/vexv5\libv5rt.a(v5_apijump.c.obj)
                0x03807870                vexDeviceMotorPositionSet
 .text.vexDeviceMotorPositionGet
                0x038078a4       0x24 C:\Program Files (x86)\VEX Robotics\VEXcode Pro V5\sdk/vexv5\libv5rt.a(v5_apijump.c.obj)
                0x038078a4                vexDeviceMotorPositionGet
 .text.vexDeviceMotorRelativeTargetSet
                0x038078c8       0x3c C:\Program Files (x86)\VEX Robotics\VEXcode Pro V5\sdk/vexv5\libv5rt.a(v5_apijump.c.obj)
                0x038078c8                vexDeviceMotorRelativeTargetSet
 .text.vexDeviceMotorGearingSet
                0x03807904       0x2c C:\Program Files (x86)\VEX Robotics\VEXcode Pro V5\sdk/vexv5\libv5rt.a(v5_apijump.c.obj)
                0x03807904                vexDeviceMotorGearingSet
 .text.vexDeviceMotorGearingGet
                0x03807930       0x24 C:\Program Files (x86)\VEX Robotics\VEXcode Pro V5\sdk/vexv5\libv5rt.a(v5_apijump.c.obj)
                0x03807930                vexDeviceMotorGearingGet
 .text.vexDeviceImuReset
                0x03807954       0x24 C:\Program Files (x86)\VEX Robotics\VEXcode Pro V5\sdk/vexv5\libv5rt.a(v5_apijump.c.obj)
                0x03807954                vexDeviceImuReset
 .text.vexDeviceImuHeadingGet
                0x03807978       0x24 C:\Program Files (x86)\VEX Robotics\VEXcode Pro V5\sdk/vexv5\libv5rt.a(v5_apijump.c.obj)
                0x03807978                vexDeviceImuHeadingGet
 .text.vexDeviceImuDegreesGet
                0x0380799c       0x24 C:\Program Files (x86)\VEX Robotics\VEXcode Pro V5\sdk/vexv5\libv5rt.a(v5_apijump.c.obj)
                0x0380799c                vexDeviceImuDegreesGet
 .text.vexDeviceImuStatusGet
                0x038079c0       0x24 C:\Program Files (x86)\VEX Robotics\VEXcode Pro V5\sdk/vexv5\libv5rt.a(v5_apijump.c.obj)
                0x038079c0                vexDeviceImuStatusGet
 .text.vexDeviceAbsEncPositionGet
                0x038079e4       0x24 C:\Program Files (x86)\VEX Robotics\VEXcode Pro V5\sdk/vexv5\libv5rt.a(v5_apijump.c.obj)
                0x038079e4                vexDeviceAbsEncPositionGet
 .text.vexDeviceAbsEncAngleGet
                0x03807a08       0x24 C:\Program Files (x86)\VEX Robotics\VEXcode Pro V5\sdk/vexv5\libv5rt.a(v5_apijump.c.obj)
                0x03807a08                vexDeviceAbsEncAngleGet
 .text.vexDeviceAbsEncReverseFlagSet
                0x03807a2c       0x2c C:\Program Files (x86)\VEX Robotics\VEXcode Pro V5\sdk/vexv5\libv5rt.a(v5_apijump.c.obj)
                0x03807a2c                vexDeviceAbsEncReverseFlagSet
 .text.vexDeviceOpticalHueGet
                0x03807a58       0x24 C:\Program Files (x86)\VEX Robotics\VEXcode Pro V5\sdk/vexv5\libv5rt.a(v5_apijump.c.obj)
                0x03807a58                vexDeviceOpticalHueGet
 .text.vexDeviceOpticalLedPwmSet
                0x03807a7c       0x2c C:\Program Files (x86)\VEX Robotics\VEXcode Pro V5\sdk/vexv5\libv5rt.a(v5_apijump.c.obj)
                0x03807a7c                vexDeviceOpticalLedPwmSet
 .text.vexDeviceOpticalGestureEnable
                0x03807aa8       0x24 C:\Program Files (x86)\VEX Robotics\VEXcode Pro V5\sdk/vexv5\libv5rt.a(v5_apijump.c.obj)
                0x03807aa8                vexDeviceOpticalGestureEnable
 .text.vexDeviceOpticalGestureDisable
                0x03807acc       0x24 C:\Program Files (x86)\VEX Robotics\VEXcode Pro V5\sdk/vexv5\libv5rt.a(v5_apijump.c.obj)
                0x03807acc                vexDeviceOpticalGestureDisable
 .text.vexDeviceOpticalProximityThreshold
                0x03807af0       0x2c C:\Program Files (x86)\VEX Robotics\VEXcode Pro V5\sdk/vexv5\libv5rt.a(v5_apijump.c.obj)
                0x03807af0                vexDeviceOpticalProximityThreshold
 .text.vexDeviceOpticalIntegrationTimeSet
                0x03807b1c       0x34 C:\Program Files (x86)\VEX Robotics\VEXcode Pro V5\sdk/vexv5\libv5rt.a(v5_apijump.c.obj)
                0x03807b1c                vexDeviceOpticalIntegrationTimeSet
 .text.vexDeviceDistanceDistanceGet
                0x03807b50       0x24 C:\Program Files (x86)\VEX Robotics\VEXcode Pro V5\sdk/vexv5\libv5rt.a(v5_apijump.c.obj)
                0x03807b50                vexDeviceDistanceDistanceGet
 .text.vexDisplayForegroundColor
                0x03807b74       0x24 C:\Program Files (x86)\VEX Robotics\VEXcode Pro V5\sdk/vexv5\libv5rt.a(v5_apijump.c.obj)
                0x03807b74                vexDisplayForegroundColor
 .text.vexDisplayBackgroundColor
                0x03807b98       0x24 C:\Program Files (x86)\VEX Robotics\VEXcode Pro V5\sdk/vexv5\libv5rt.a(v5_apijump.c.obj)
                0x03807b98                vexDisplayBackgroundColor
 .text.vexDisplayBackgroundColorGet
                0x03807bbc       0x1c C:\Program Files (x86)\VEX Robotics\VEXcode Pro V5\sdk/vexv5\libv5rt.a(v5_apijump.c.obj)
                0x03807bbc                vexDisplayBackgroundColorGet
 .text.vexDisplayRectClear
                0x03807bd8       0x4c C:\Program Files (x86)\VEX Robotics\VEXcode Pro V5\sdk/vexv5\libv5rt.a(v5_apijump.c.obj)
                0x03807bd8                vexDisplayRectClear
 .text.vexDisplayVPrintf
                0x03807c24       0x50 C:\Program Files (x86)\VEX Robotics\VEXcode Pro V5\sdk/vexv5\libv5rt.a(v5_apijump.c.obj)
                0x03807c24                vexDisplayVPrintf
 .text.vexDisplayTextReference
                0x03807c74       0x24 C:\Program Files (x86)\VEX Robotics\VEXcode Pro V5\sdk/vexv5\libv5rt.a(v5_apijump.c.obj)
                0x03807c74                vexDisplayTextReference
 .text.vexDisplayTextSize
                0x03807c98       0x2c C:\Program Files (x86)\VEX Robotics\VEXcode Pro V5\sdk/vexv5\libv5rt.a(v5_apijump.c.obj)
                0x03807c98                vexDisplayTextSize
 .text.vexDisplayFontNamedSet
                0x03807cc4       0x24 C:\Program Files (x86)\VEX Robotics\VEXcode Pro V5\sdk/vexv5\libv5rt.a(v5_apijump.c.obj)
                0x03807cc4                vexDisplayFontNamedSet
 .text.vexSystemStdlibImpureDataAddr
                0x03807ce8       0x28 C:\Program Files (x86)\VEX Robotics\VEXcode Pro V5\sdk/vexv5\libv5rt.a(v5_apijump.c.obj)
                0x03807ce8                vexSystemStdlibImpureDataAddr
 .text.vexSystemStdlibImpureDataSize
                0x03807d10       0x28 C:\Program Files (x86)\VEX Robotics\VEXcode Pro V5\sdk/vexv5\libv5rt.a(v5_apijump.c.obj)
                0x03807d10                vexSystemStdlibImpureDataSize
 .text.vexSystemSaveUserData
                0x03807d38       0x3c C:\Program Files (x86)\VEX Robotics\VEXcode Pro V5\sdk/vexv5\libv5rt.a(v5_apijump.c.obj)
                0x03807d38                vexSystemSaveUserData
 .text.vexTouchDataGet
                0x03807d74       0x10 C:\Program Files (x86)\VEX Robotics\VEXcode Pro V5\sdk/vexv5\libv5rt.a(v5_apijump.c.obj)
                0x03807d74                vexTouchDataGet
 .text.vexDisplayThemeIdGet
                0x03807d84       0x38 C:\Program Files (x86)\VEX Robotics\VEXcode Pro V5\sdk/vexv5\libv5rt.a(v5_apijump.c.obj)
                0x03807d84                vexDisplayThemeIdGet
 .text.vexBatteryCapacityGet
                0x03807dbc       0x1c C:\Program Files (x86)\VEX Robotics\VEXcode Pro V5\sdk/vexv5\libv5rt.a(v5_apijump.c.obj)
                0x03807dbc                vexBatteryCapacityGet
 .text.vexDeviceEventMaskSet
                0x03807dd8       0x48 C:\Program Files (x86)\VEX Robotics\VEXcode Pro V5\sdk/vexv5\libv5rt.a(v5_apijump.c.obj)
                0x03807dd8                vexDeviceEventMaskSet
 .text.vexDeviceEventMaskGet
                0x03807e20       0x3c C:\Program Files (x86)\VEX Robotics\VEXcode Pro V5\sdk/vexv5\libv5rt.a(v5_apijump.c.obj)
                0x03807e20                vexDeviceEventMaskGet
 .text.vexSystemVersion
                0x03807e5c       0x10 C:\Program Files (x86)\VEX Robotics\VEXcode Pro V5\sdk/vexv5\libv5rt.a(v5_apiversions.c.obj)
                0x03807e5c                vexSystemVersion
 .text.vexStdlibVersion
                0x03807e6c       0x10 C:\Program Files (x86)\VEX Robotics\VEXcode Pro V5\sdk/vexv5\libv5rt.a(v5_apiversions.c.obj)
                0x03807e6c                vexStdlibVersion
 *fill*         0x03807e7c        0x4 
 .text._ZN3vex4waitEdNS_9timeUnitsE
                0x03807e80       0x30 C:\Program Files (x86)\VEX Robotics\VEXcode Pro V5\sdk/vexv5\libv5rt.a(vex_global.cpp.obj)
                0x03807e80                vex::wait(double, vex::timeUnits)
 .text._ZN3vex5motorD2Ev
                0x03807eb0       0x20 C:\Program Files (x86)\VEX Robotics\VEXcode Pro V5\sdk/vexv5\libv5rt.a(vex_motor.cpp.obj)
                0x03807eb0                vex::motor::~motor()
                0x03807eb0                vex::motor::~motor()
 .text._ZN3vex5motorD0Ev
                0x03807ed0       0x1c C:\Program Files (x86)\VEX Robotics\VEXcode Pro V5\sdk/vexv5\libv5rt.a(vex_motor.cpp.obj)
                0x03807ed0                vex::motor::~motor()
 .text._ZN3vex5motor9installedEv
                0x03807eec       0x18 C:\Program Files (x86)\VEX Robotics\VEXcode Pro V5\sdk/vexv5\libv5rt.a(vex_motor.cpp.obj)
                0x03807eec                vex::motor::installed()
 .text._ZN3vex5motor15defaultStoppingENS_9brakeTypeE
                0x03807f04       0x30 C:\Program Files (x86)\VEX Robotics\VEXcode Pro V5\sdk/vexv5\libv5rt.a(vex_motor.cpp.obj)
                0x03807f04                vex::motor::defaultStopping(vex::brakeType)
 .text._ZN3vex5motor11setStoppingENS_9brakeTypeE
                0x03807f34        0x4 C:\Program Files (x86)\VEX Robotics\VEXcode Pro V5\sdk/vexv5\libv5rt.a(vex_motor.cpp.obj)
                0x03807f34                vex::motor::setStopping(vex::brakeType)
 .text._ZN3vex5motorC2El
                0x03807f38       0x78 C:\Program Files (x86)\VEX Robotics\VEXcode Pro V5\sdk/vexv5\libv5rt.a(vex_motor.cpp.obj)
                0x03807f38                vex::motor::motor(long)
                0x03807f38                vex::motor::motor(long)
 .text._ZN3vex5motorC2ElNS_11gearSettingEb
                0x03807fb0       0x34 C:\Program Files (x86)\VEX Robotics\VEXcode Pro V5\sdk/vexv5\libv5rt.a(vex_motor.cpp.obj)
                0x03807fb0                vex::motor::motor(long, vex::gearSetting, bool)
                0x03807fb0                vex::motor::motor(long, vex::gearSetting, bool)
 .text._ZN3vex5motorC2Elb
                0x03807fe4       0x24 C:\Program Files (x86)\VEX Robotics\VEXcode Pro V5\sdk/vexv5\libv5rt.a(vex_motor.cpp.obj)
                0x03807fe4                vex::motor::motor(long, bool)
                0x03807fe4                vex::motor::motor(long, bool)
 .text._ZN3vex5motor4spinENS_13directionTypeEdNS_12voltageUnitsE
                0x03808008       0x50 C:\Program Files (x86)\VEX Robotics\VEXcode Pro V5\sdk/vexv5\libv5rt.a(vex_motor.cpp.obj)
                0x03808008                vex::motor::spin(vex::directionType, double, vex::voltageUnits)
 .text._ZN3vex5motor14isSpinningModeEv
                0x03808058       0x48 C:\Program Files (x86)\VEX Robotics\VEXcode Pro V5\sdk/vexv5\libv5rt.a(vex_motor.cpp.obj)
                0x03808058                vex::motor::isSpinningMode()
 .text._ZN3vex5motor10isSpinningEv
                0x038080a0       0x44 C:\Program Files (x86)\VEX Robotics\VEXcode Pro V5\sdk/vexv5\libv5rt.a(vex_motor.cpp.obj)
                0x038080a0                vex::motor::isSpinning()
 .text._ZN3vex5motor4stopENS_9brakeTypeE
                0x038080e4       0x30 C:\Program Files (x86)\VEX Robotics\VEXcode Pro V5\sdk/vexv5\libv5rt.a(vex_motor.cpp.obj)
                0x038080e4                vex::motor::stop(vex::brakeType)
 .text._ZN3vex5motor4stopEv
                0x03808114        0x8 C:\Program Files (x86)\VEX Robotics\VEXcode Pro V5\sdk/vexv5\libv5rt.a(vex_motor.cpp.obj)
                0x03808114                vex::motor::stop()
 .text._ZN3vex5motor16velocityToScaledEdNS_13velocityUnitsE
                0x0380811c       0x5c C:\Program Files (x86)\VEX Robotics\VEXcode Pro V5\sdk/vexv5\libv5rt.a(vex_motor.cpp.obj)
                0x0380811c                vex::motor::velocityToScaled(double, vex::velocityUnits)
 .text._ZN3vex5motor8velocityENS_13velocityUnitsE
                0x03808178       0x30 C:\Program Files (x86)\VEX Robotics\VEXcode Pro V5\sdk/vexv5\libv5rt.a(vex_motor.cpp.obj)
                0x03808178                vex::motor::velocity(vex::velocityUnits)
 .text._ZN3vex5motor5valueEv
                0x038081a8       0x1c C:\Program Files (x86)\VEX Robotics\VEXcode Pro V5\sdk/vexv5\libv5rt.a(vex_motor.cpp.obj)
                0x038081a8                vex::motor::value()
 .text._ZN3vex5motor16scaledToVelocityEdNS_13velocityUnitsE
                0x038081c4       0xa4 C:\Program Files (x86)\VEX Robotics\VEXcode Pro V5\sdk/vexv5\libv5rt.a(vex_motor.cpp.obj)
                0x038081c4                vex::motor::scaledToVelocity(double, vex::velocityUnits)
 .text._ZN3vex5motor4spinENS_13directionTypeEdNS_13velocityUnitsE
                0x03808268       0x5c C:\Program Files (x86)\VEX Robotics\VEXcode Pro V5\sdk/vexv5\libv5rt.a(vex_motor.cpp.obj)
                0x03808268                vex::motor::spin(vex::directionType, double, vex::velocityUnits)
 .text._ZN3vex5motor16setRotationUnitsENS_13rotationUnitsE
                0x038082c4       0x1c C:\Program Files (x86)\VEX Robotics\VEXcode Pro V5\sdk/vexv5\libv5rt.a(vex_motor.cpp.obj)
                0x038082c4                vex::motor::setRotationUnits(vex::rotationUnits)
 .text._ZN3vex5motor7spinForEdNS_13rotationUnitsEdNS_13velocityUnitsEb
                0x038082e0       0xf4 C:\Program Files (x86)\VEX Robotics\VEXcode Pro V5\sdk/vexv5\libv5rt.a(vex_motor.cpp.obj)
                0x038082e0                vex::motor::spinFor(double, vex::rotationUnits, double, vex::velocityUnits, bool)
 .text._ZN3vex5motor7spinForENS_13directionTypeEdNS_13rotationUnitsEdNS_13velocityUnitsEb
                0x038083d4       0x34 C:\Program Files (x86)\VEX Robotics\VEXcode Pro V5\sdk/vexv5\libv5rt.a(vex_motor.cpp.obj)
                0x038083d4                vex::motor::spinFor(vex::directionType, double, vex::rotationUnits, double, vex::velocityUnits, bool)
 .text._ZN3vex5motor8positionENS_13rotationUnitsE
                0x03808408       0x44 C:\Program Files (x86)\VEX Robotics\VEXcode Pro V5\sdk/vexv5\libv5rt.a(vex_motor.cpp.obj)
                0x03808408                vex::motor::position(vex::rotationUnits)
 .text._ZN3vex8inertial11getTurnTypeEv
                0x0380844c        0x8 C:\Program Files (x86)\VEX Robotics\VEXcode Pro V5\sdk/vexv5\libv5rt.a(vex_imu.cpp.obj)
                0x0380844c                vex::inertial::getTurnType()
 .text._ZThn16_N3vex8inertial11getTurnTypeEv
                0x03808454        0x8 C:\Program Files (x86)\VEX Robotics\VEXcode Pro V5\sdk/vexv5\libv5rt.a(vex_imu.cpp.obj)
                0x03808454                non-virtual thunk to vex::inertial::getTurnType()
 *fill*         0x0380845c        0x4 
 .text._ZN3vex8inertial10setHeadingEdNS_13rotationUnitsE
                0x03808460       0x58 C:\Program Files (x86)\VEX Robotics\VEXcode Pro V5\sdk/vexv5\libv5rt.a(vex_imu.cpp.obj)
                0x03808460                vex::inertial::setHeading(double, vex::rotationUnits)
 .text._ZThn16_N3vex8inertial10setHeadingEdNS_13rotationUnitsE
                0x038084b8        0x8 C:\Program Files (x86)\VEX Robotics\VEXcode Pro V5\sdk/vexv5\libv5rt.a(vex_imu.cpp.obj)
                0x038084b8                non-virtual thunk to vex::inertial::setHeading(double, vex::rotationUnits)
 .text._ZN3vex8inertial11setRotationEdNS_13rotationUnitsE
                0x038084c0       0x58 C:\Program Files (x86)\VEX Robotics\VEXcode Pro V5\sdk/vexv5\libv5rt.a(vex_imu.cpp.obj)
                0x038084c0                vex::inertial::setRotation(double, vex::rotationUnits)
 .text._ZThn16_N3vex8inertial11setRotationEdNS_13rotationUnitsE
                0x03808518        0x8 C:\Program Files (x86)\VEX Robotics\VEXcode Pro V5\sdk/vexv5\libv5rt.a(vex_imu.cpp.obj)
                0x03808518                non-virtual thunk to vex::inertial::setRotation(double, vex::rotationUnits)
 .text._ZN3vex8inertialD2Ev
                0x03808520       0x20 C:\Program Files (x86)\VEX Robotics\VEXcode Pro V5\sdk/vexv5\libv5rt.a(vex_imu.cpp.obj)
                0x03808520                vex::inertial::~inertial()
                0x03808520                vex::inertial::~inertial()
 .text._ZThn16_N3vex8inertialD1Ev
                0x03808540        0x8 C:\Program Files (x86)\VEX Robotics\VEXcode Pro V5\sdk/vexv5\libv5rt.a(vex_imu.cpp.obj)
                0x03808540                non-virtual thunk to vex::inertial::~inertial()
 .text._ZN3vex8inertialD0Ev
                0x03808548       0x1c C:\Program Files (x86)\VEX Robotics\VEXcode Pro V5\sdk/vexv5\libv5rt.a(vex_imu.cpp.obj)
                0x03808548                vex::inertial::~inertial()
 .text._ZThn16_N3vex8inertialD0Ev
                0x03808564        0x8 C:\Program Files (x86)\VEX Robotics\VEXcode Pro V5\sdk/vexv5\libv5rt.a(vex_imu.cpp.obj)
                0x03808564                non-virtual thunk to vex::inertial::~inertial()
 .text._ZN3vex8inertial9installedEv
                0x0380856c       0x18 C:\Program Files (x86)\VEX Robotics\VEXcode Pro V5\sdk/vexv5\libv5rt.a(vex_imu.cpp.obj)
                0x0380856c                vex::inertial::installed()
 .text._ZN3vex8inertial5angleENS_13rotationUnitsE
                0x03808584       0x6c C:\Program Files (x86)\VEX Robotics\VEXcode Pro V5\sdk/vexv5\libv5rt.a(vex_imu.cpp.obj)
                0x03808584                vex::inertial::angle(vex::rotationUnits)
 .text._ZThn16_N3vex8inertial5angleENS_13rotationUnitsE
                0x038085f0        0x8 C:\Program Files (x86)\VEX Robotics\VEXcode Pro V5\sdk/vexv5\libv5rt.a(vex_imu.cpp.obj)
                0x038085f0                non-virtual thunk to vex::inertial::angle(vex::rotationUnits)
 .text._ZN3vex8inertial7headingENS_13rotationUnitsE
                0x038085f8        0x4 C:\Program Files (x86)\VEX Robotics\VEXcode Pro V5\sdk/vexv5\libv5rt.a(vex_imu.cpp.obj)
                0x038085f8                vex::inertial::heading(vex::rotationUnits)
 .text._ZThn16_N3vex8inertial7headingENS_13rotationUnitsE
                0x038085fc        0x8 C:\Program Files (x86)\VEX Robotics\VEXcode Pro V5\sdk/vexv5\libv5rt.a(vex_imu.cpp.obj)
                0x038085fc                non-virtual thunk to vex::inertial::heading(vex::rotationUnits)
 .text._ZN3vex8inertial5valueEv
                0x03808604       0x1c C:\Program Files (x86)\VEX Robotics\VEXcode Pro V5\sdk/vexv5\libv5rt.a(vex_imu.cpp.obj)
                0x03808604                vex::inertial::value()
 .text._ZN3vex8inertial8rotationENS_13rotationUnitsE
                0x03808620       0x48 C:\Program Files (x86)\VEX Robotics\VEXcode Pro V5\sdk/vexv5\libv5rt.a(vex_imu.cpp.obj)
                0x03808620                vex::inertial::rotation(vex::rotationUnits)
 .text._ZThn16_N3vex8inertial8rotationENS_13rotationUnitsE
                0x03808668        0x8 C:\Program Files (x86)\VEX Robotics\VEXcode Pro V5\sdk/vexv5\libv5rt.a(vex_imu.cpp.obj)
                0x03808668                non-virtual thunk to vex::inertial::rotation(vex::rotationUnits)
 .text._ZN3vex8inertial13isCalibratingEv
                0x03808670       0x38 C:\Program Files (x86)\VEX Robotics\VEXcode Pro V5\sdk/vexv5\libv5rt.a(vex_imu.cpp.obj)
                0x03808670                vex::inertial::isCalibrating()
 .text._ZThn16_N3vex8inertial13isCalibratingEv
                0x038086a8        0x8 C:\Program Files (x86)\VEX Robotics\VEXcode Pro V5\sdk/vexv5\libv5rt.a(vex_imu.cpp.obj)
                0x038086a8                non-virtual thunk to vex::inertial::isCalibrating()
 .text._ZN3vex8inertialC2ElNS_8turnTypeE
                0x038086b0       0x4c C:\Program Files (x86)\VEX Robotics\VEXcode Pro V5\sdk/vexv5\libv5rt.a(vex_imu.cpp.obj)
                0x038086b0                vex::inertial::inertial(long, vex::turnType)
                0x038086b0                vex::inertial::inertial(long, vex::turnType)
 .text._ZN3vex8inertial16startCalibrationEl
                0x038086fc       0x20 C:\Program Files (x86)\VEX Robotics\VEXcode Pro V5\sdk/vexv5\libv5rt.a(vex_imu.cpp.obj)
                0x038086fc                vex::inertial::startCalibration(long)
 .text._ZN3vex8inertial9calibrateEl
                0x0380871c        0xc C:\Program Files (x86)\VEX Robotics\VEXcode Pro V5\sdk/vexv5\libv5rt.a(vex_imu.cpp.obj)
                0x0380871c                vex::inertial::calibrate(long)
                0x03808720                non-virtual thunk to vex::inertial::calibrate(long)
 .text._ZN3vex8rotationD2Ev
                0x03808728       0x20 C:\Program Files (x86)\VEX Robotics\VEXcode Pro V5\sdk/vexv5\libv5rt.a(vex_rotation.cpp.obj)
                0x03808728                vex::rotation::~rotation()
                0x03808728                vex::rotation::~rotation()
 .text._ZN3vex8rotationD0Ev
                0x03808748       0x1c C:\Program Files (x86)\VEX Robotics\VEXcode Pro V5\sdk/vexv5\libv5rt.a(vex_rotation.cpp.obj)
                0x03808748                vex::rotation::~rotation()
 .text._ZN3vex8rotation9installedEv
                0x03808764       0x18 C:\Program Files (x86)\VEX Robotics\VEXcode Pro V5\sdk/vexv5\libv5rt.a(vex_rotation.cpp.obj)
                0x03808764                vex::rotation::installed()
 .text._ZN3vex8rotation5valueEv
                0x0380877c        0x8 C:\Program Files (x86)\VEX Robotics\VEXcode Pro V5\sdk/vexv5\libv5rt.a(vex_rotation.cpp.obj)
                0x0380877c                vex::rotation::value()
 .text._ZN3vex8rotationC2Elb
                0x03808784       0x30 C:\Program Files (x86)\VEX Robotics\VEXcode Pro V5\sdk/vexv5\libv5rt.a(vex_rotation.cpp.obj)
                0x03808784                vex::rotation::rotation(long, bool)
                0x03808784                vex::rotation::rotation(long, bool)
 *fill*         0x038087b4        0x4 
 .text._ZN3vex8rotation8positionENS_13rotationUnitsE
                0x038087b8       0x50 C:\Program Files (x86)\VEX Robotics\VEXcode Pro V5\sdk/vexv5\libv5rt.a(vex_rotation.cpp.obj)
                0x038087b8                vex::rotation::position(vex::rotationUnits)
 .text._ZN3vex7opticalD2Ev
                0x03808808       0x20 C:\Program Files (x86)\VEX Robotics\VEXcode Pro V5\sdk/vexv5\libv5rt.a(vex_optical.cpp.obj)
                0x03808808                vex::optical::~optical()
                0x03808808                vex::optical::~optical()
 .text._ZN3vex7opticalD0Ev
                0x03808828       0x1c C:\Program Files (x86)\VEX Robotics\VEXcode Pro V5\sdk/vexv5\libv5rt.a(vex_optical.cpp.obj)
                0x03808828                vex::optical::~optical()
 .text._ZN3vex7optical9installedEv
                0x03808844       0x18 C:\Program Files (x86)\VEX Robotics\VEXcode Pro V5\sdk/vexv5\libv5rt.a(vex_optical.cpp.obj)
                0x03808844                vex::optical::installed()
 .text._ZN3vex7optical3hueEv
                0x0380885c        0x8 C:\Program Files (x86)\VEX Robotics\VEXcode Pro V5\sdk/vexv5\libv5rt.a(vex_optical.cpp.obj)
                0x0380885c                vex::optical::hue()
 .text._ZN3vex7optical5valueEv
                0x03808864       0x18 C:\Program Files (x86)\VEX Robotics\VEXcode Pro V5\sdk/vexv5\libv5rt.a(vex_optical.cpp.obj)
                0x03808864                vex::optical::value()
 .text._ZN3vex7optical13setLightPowerElNS_12percentUnitsE
                0x0380887c       0x2c C:\Program Files (x86)\VEX Robotics\VEXcode Pro V5\sdk/vexv5\libv5rt.a(vex_optical.cpp.obj)
                0x0380887c                vex::optical::setLightPower(long, vex::percentUnits)
 .text._ZN3vex7optical13gestureEnableEv
                0x038088a8        0x8 C:\Program Files (x86)\VEX Robotics\VEXcode Pro V5\sdk/vexv5\libv5rt.a(vex_optical.cpp.obj)
                0x038088a8                vex::optical::gestureEnable()
 .text._ZN3vex7optical14gestureDisableEv
                0x038088b0        0x8 C:\Program Files (x86)\VEX Robotics\VEXcode Pro V5\sdk/vexv5\libv5rt.a(vex_optical.cpp.obj)
                0x038088b0                vex::optical::gestureDisable()
 .text._ZN3vex7opticalC2Elb
                0x038088b8       0x54 C:\Program Files (x86)\VEX Robotics\VEXcode Pro V5\sdk/vexv5\libv5rt.a(vex_optical.cpp.obj)
                0x038088b8                vex::optical::optical(long, bool)
                0x038088b8                vex::optical::optical(long, bool)
 .text._ZN3vex7optical15integrationTimeEd
                0x0380890c        0x8 C:\Program Files (x86)\VEX Robotics\VEXcode Pro V5\sdk/vexv5\libv5rt.a(vex_optical.cpp.obj)
                0x0380890c                vex::optical::integrationTime(double)
 .text._ZN3vex8distanceD2Ev
                0x03808914       0x20 C:\Program Files (x86)\VEX Robotics\VEXcode Pro V5\sdk/vexv5\libv5rt.a(vex_distance.cpp.obj)
                0x03808914                vex::distance::~distance()
                0x03808914                vex::distance::~distance()
 .text._ZN3vex8distanceD0Ev
                0x03808934       0x1c C:\Program Files (x86)\VEX Robotics\VEXcode Pro V5\sdk/vexv5\libv5rt.a(vex_distance.cpp.obj)
                0x03808934                vex::distance::~distance()
 .text._ZN3vex8distance9installedEv
                0x03808950       0x18 C:\Program Files (x86)\VEX Robotics\VEXcode Pro V5\sdk/vexv5\libv5rt.a(vex_distance.cpp.obj)
                0x03808950                vex::distance::installed()
 .text._ZN3vex8distance5valueEv
                0x03808968        0x8 C:\Program Files (x86)\VEX Robotics\VEXcode Pro V5\sdk/vexv5\libv5rt.a(vex_distance.cpp.obj)
                0x03808968                vex::distance::value()
 .text._ZN3vex8distanceC2El
                0x03808970       0x20 C:\Program Files (x86)\VEX Robotics\VEXcode Pro V5\sdk/vexv5\libv5rt.a(vex_distance.cpp.obj)
                0x03808970                vex::distance::distance(long)
                0x03808970                vex::distance::distance(long)
 .text._ZN3vex8distance14objectDistanceENS_13distanceUnitsE
                0x03808990       0x48 C:\Program Files (x86)\VEX Robotics\VEXcode Pro V5\sdk/vexv5\libv5rt.a(vex_distance.cpp.obj)
                0x03808990                vex::distance::objectDistance(vex::distanceUnits)
 .text._ZN3vex10controllerD2Ev
                0x038089d8        0x4 C:\Program Files (x86)\VEX Robotics\VEXcode Pro V5\sdk/vexv5\libv5rt.a(vex_controller.cpp.obj)
                0x038089d8                vex::controller::~controller()
                0x038089d8                vex::controller::~controller()
 .text._ZN3vex10controller5valueE19_V5_ControllerIndex
                0x038089dc        0x8 C:\Program Files (x86)\VEX Robotics\VEXcode Pro V5\sdk/vexv5\libv5rt.a(vex_controller.cpp.obj)
                0x038089dc                vex::controller::value(_V5_ControllerIndex)
 .text._ZNK3vex10controller6button8pressingEv
                0x038089e4       0xc8 C:\Program Files (x86)\VEX Robotics\VEXcode Pro V5\sdk/vexv5\libv5rt.a(vex_controller.cpp.obj)
                0x038089e4                vex::controller::button::pressing() const
 .text._ZNK3vex10controller6button7pressedEPFvvE
                0x03808aac      0x108 C:\Program Files (x86)\VEX Robotics\VEXcode Pro V5\sdk/vexv5\libv5rt.a(vex_controller.cpp.obj)
                0x03808aac                vex::controller::button::pressed(void (*)()) const
 .text._ZNK3vex10controller6button21_buttonToPressedEventEv
                0x03808bb4       0x20 C:\Program Files (x86)\VEX Robotics\VEXcode Pro V5\sdk/vexv5\libv5rt.a(vex_controller.cpp.obj)
                0x03808bb4                vex::controller::button::_buttonToPressedEvent() const
 .text._ZNK3vex10controller6button22_buttonToReleasedEventEv
                0x03808bd4       0x20 C:\Program Files (x86)\VEX Robotics\VEXcode Pro V5\sdk/vexv5\libv5rt.a(vex_controller.cpp.obj)
                0x03808bd4                vex::controller::button::_buttonToReleasedEvent() const
 .text._ZN3vex10controller6buttonC2ENS0_11tButtonTypeEPS0_
                0x03808bf4       0x48 C:\Program Files (x86)\VEX Robotics\VEXcode Pro V5\sdk/vexv5\libv5rt.a(vex_controller.cpp.obj)
                0x03808bf4                vex::controller::button::button(vex::controller::tButtonType, vex::controller*)
                0x03808bf4                vex::controller::button::button(vex::controller::tButtonType, vex::controller*)
 .text._ZNK3vex10controller4axis5valueEv
                0x03808c3c       0x58 C:\Program Files (x86)\VEX Robotics\VEXcode Pro V5\sdk/vexv5\libv5rt.a(vex_controller.cpp.obj)
                0x03808c3c                vex::controller::axis::value() const
 .text._ZNK3vex10controller4axis23_joystickToChangedEventEv
                0x03808c94       0x20 C:\Program Files (x86)\VEX Robotics\VEXcode Pro V5\sdk/vexv5\libv5rt.a(vex_controller.cpp.obj)
                0x03808c94                vex::controller::axis::_joystickToChangedEvent() const
 .text._ZN3vex10controller4axisC2ENS0_9tAxisTypeEPS0_
                0x03808cb4       0x2c C:\Program Files (x86)\VEX Robotics\VEXcode Pro V5\sdk/vexv5\libv5rt.a(vex_controller.cpp.obj)
                0x03808cb4                vex::controller::axis::axis(vex::controller::tAxisType, vex::controller*)
                0x03808cb4                vex::controller::axis::axis(vex::controller::tAxisType, vex::controller*)
 .text._ZN3vex10controllerC2ENS_14controllerTypeE
                0x03808ce0      0x16c C:\Program Files (x86)\VEX Robotics\VEXcode Pro V5\sdk/vexv5\libv5rt.a(vex_controller.cpp.obj)
                0x03808ce0                vex::controller::controller(vex::controllerType)
                0x03808ce0                vex::controller::controller(vex::controllerType)
 .text._ZN3vex10controllerC2Ev
                0x03808e4c      0x164 C:\Program Files (x86)\VEX Robotics\VEXcode Pro V5\sdk/vexv5\libv5rt.a(vex_controller.cpp.obj)
                0x03808e4c                vex::controller::controller()
                0x03808e4c                vex::controller::controller()
 .text._ZN3vex10controller3lcd15getControllerIdEv
                0x03808fb0       0x10 C:\Program Files (x86)\VEX Robotics\VEXcode Pro V5\sdk/vexv5\libv5rt.a(vex_controller.cpp.obj)
                0x03808fb0                vex::controller::lcd::getControllerId()
 .text._ZN3vex10controller3lcd9setCursorEll
                0x03808fc0       0x40 C:\Program Files (x86)\VEX Robotics\VEXcode Pro V5\sdk/vexv5\libv5rt.a(vex_controller.cpp.obj)
                0x03808fc0                vex::controller::lcd::setCursor(long, long)
 .text._ZN3vex10controller3lcd5printEPKcz
                0x03809000       0x80 C:\Program Files (x86)\VEX Robotics\VEXcode Pro V5\sdk/vexv5\libv5rt.a(vex_controller.cpp.obj)
                0x03809000                vex::controller::lcd::print(char const*, ...)
 .text._ZN3vex10controller3lcd9clearLineEi
                0x03809080       0x80 C:\Program Files (x86)\VEX Robotics\VEXcode Pro V5\sdk/vexv5\libv5rt.a(vex_controller.cpp.obj)
                0x03809080                vex::controller::lcd::clearLine(int)
 .text._ZN3vex10controller3lcd11clearScreenEv
                0x03809100       0x5c C:\Program Files (x86)\VEX Robotics\VEXcode Pro V5\sdk/vexv5\libv5rt.a(vex_controller.cpp.obj)
                0x03809100                vex::controller::lcd::clearScreen()
 .text._ZN3vex10controller3lcd9clearLineEv
                0x0380915c        0x8 C:\Program Files (x86)\VEX Robotics\VEXcode Pro V5\sdk/vexv5\libv5rt.a(vex_controller.cpp.obj)
                0x0380915c                vex::controller::lcd::clearLine()
 .text._ZN3vex4taskC2Ev
                0x03809164       0x28 C:\Program Files (x86)\VEX Robotics\VEXcode Pro V5\sdk/vexv5\libv5rt.a(vex_task.cpp.obj)
                0x03809164                vex::task::task()
                0x03809164                vex::task::task()
 .text._ZN3vex4taskC2EPFivE
                0x0380918c       0x5c C:\Program Files (x86)\VEX Robotics\VEXcode Pro V5\sdk/vexv5\libv5rt.a(vex_task.cpp.obj)
                0x0380918c                vex::task::task(int (*)())
                0x0380918c                vex::task::task(int (*)())
 .text._ZN3vex4taskD2Ev
                0x038091e8        0x4 C:\Program Files (x86)\VEX Robotics\VEXcode Pro V5\sdk/vexv5\libv5rt.a(vex_task.cpp.obj)
                0x038091e8                vex::task::~task()
                0x038091e8                vex::task::~task()
 .text._ZN3vex4task4stopEPvi
                0x038091ec       0x1c C:\Program Files (x86)\VEX Robotics\VEXcode Pro V5\sdk/vexv5\libv5rt.a(vex_task.cpp.obj)
                0x038091ec                vex::task::stop(void*, int)
 .text._ZN3vex4task5sleepEm
                0x03809208        0x4 C:\Program Files (x86)\VEX Robotics\VEXcode Pro V5\sdk/vexv5\libv5rt.a(vex_task.cpp.obj)
                0x03809208                vex::task::sleep(unsigned long)
 .text._ZN3vex4task6_indexEPFivE
                0x0380920c       0x14 C:\Program Files (x86)\VEX Robotics\VEXcode Pro V5\sdk/vexv5\libv5rt.a(vex_task.cpp.obj)
                0x0380920c                vex::task::_index(int (*)())
 .text._ZN3vex4task8_stopAllEv
                0x03809220       0x3c C:\Program Files (x86)\VEX Robotics\VEXcode Pro V5\sdk/vexv5\libv5rt.a(vex_task.cpp.obj)
                0x03809220                vex::task::_stopAll()
 .text._ZN3vex6threadC2EPFiPvES1_
                0x0380925c       0x5c C:\Program Files (x86)\VEX Robotics\VEXcode Pro V5\sdk/vexv5\libv5rt.a(vex_thread.cpp.obj)
                0x0380925c                vex::thread::thread(int (*)(void*), void*)
                0x0380925c                vex::thread::thread(int (*)(void*), void*)
 .text._ZN3vex6threadD2Ev
                0x038092b8        0x4 C:\Program Files (x86)\VEX Robotics\VEXcode Pro V5\sdk/vexv5\libv5rt.a(vex_thread.cpp.obj)
                0x038092b8                vex::thread::~thread()
                0x038092b8                vex::thread::~thread()
 .text._ZN3vex6thread9interruptEv
                0x038092bc       0x18 C:\Program Files (x86)\VEX Robotics\VEXcode Pro V5\sdk/vexv5\libv5rt.a(vex_thread.cpp.obj)
                0x038092bc                vex::thread::interrupt()
 .text._ZN3vex11this_thread9sleep_forEm
                0x038092d4        0x4 C:\Program Files (x86)\VEX Robotics\VEXcode Pro V5\sdk/vexv5\libv5rt.a(vex_thread.cpp.obj)
                0x038092d4                vex::this_thread::sleep_for(unsigned long)
 .text._ZN3vex5event4initEmmPFvvE
                0x038092d8        0x4 C:\Program Files (x86)\VEX Robotics\VEXcode Pro V5\sdk/vexv5\libv5rt.a(vex_event.cpp.obj)
                0x038092d8                vex::event::init(unsigned long, unsigned long, void (*)())
 .text._ZN3vex5event4initEmmPFvPvES1_
                0x038092dc        0x4 C:\Program Files (x86)\VEX Robotics\VEXcode Pro V5\sdk/vexv5\libv5rt.a(vex_event.cpp.obj)
                0x038092dc                vex::event::init(unsigned long, unsigned long, void (*)(void*), void*)
 .text._ZN3vex5event9userindexEv
                0x038092e0        0x4 C:\Program Files (x86)\VEX Robotics\VEXcode Pro V5\sdk/vexv5\libv5rt.a(vex_event.cpp.obj)
                0x038092e0                vex::event::userindex()
 .text._ZZN3vex6meventC4EmmENUlvE_4_FUNEv
                0x038092e4        0x4 C:\Program Files (x86)\VEX Robotics\VEXcode Pro V5\sdk/vexv5\libv5rt.a(vex_mevent.cpp.obj)
 .text._ZN3vex6meventC2Emm
                0x038092e8       0x70 C:\Program Files (x86)\VEX Robotics\VEXcode Pro V5\sdk/vexv5\libv5rt.a(vex_mevent.cpp.obj)
                0x038092e8                vex::mevent::mevent(unsigned long, unsigned long)
                0x038092e8                vex::mevent::mevent(unsigned long, unsigned long)
 .text._ZN3vex5brain9_getIndexEv
                0x03809358       0x10 C:\Program Files (x86)\VEX Robotics\VEXcode Pro V5\sdk/vexv5\libv5rt.a(vex_brain.cpp.obj)
                0x03809358                vex::brain::_getIndex()
 .text._ZN3vex5brain10resetTimerEv
                0x03809368        0x8 C:\Program Files (x86)\VEX Robotics\VEXcode Pro V5\sdk/vexv5\libv5rt.a(vex_brain.cpp.obj)
                0x03809368                vex::brain::resetTimer()
 .text._ZN3vex5brain3lcd9setCursorEll
                0x03809370       0x44 C:\Program Files (x86)\VEX Robotics\VEXcode Pro V5\sdk/vexv5\libv5rt.a(vex_brain.cpp.obj)
                0x03809370                vex::brain::lcd::setCursor(long, long)
 .text._ZN3vex5brain3lcd7setFontENS_8fontTypeE
                0x038093b4      0x23c C:\Program Files (x86)\VEX Robotics\VEXcode Pro V5\sdk/vexv5\libv5rt.a(vex_brain.cpp.obj)
                0x038093b4                vex::brain::lcd::setFont(vex::fontType)
 .text._ZN3vex5brain3lcdC2Ev
                0x038095f0       0x94 C:\Program Files (x86)\VEX Robotics\VEXcode Pro V5\sdk/vexv5\libv5rt.a(vex_brain.cpp.obj)
                0x038095f0                vex::brain::lcd::lcd()
                0x038095f0                vex::brain::lcd::lcd()
 .text._ZN3vex5brainC2Ev
                0x03809684       0x3c C:\Program Files (x86)\VEX Robotics\VEXcode Pro V5\sdk/vexv5\libv5rt.a(vex_brain.cpp.obj)
                0x03809684                vex::brain::brain()
                0x03809684                vex::brain::brain()
 .text._ZN3vex5brain3lcd7printAtEllPKcz
                0x038096c0       0x54 C:\Program Files (x86)\VEX Robotics\VEXcode Pro V5\sdk/vexv5\libv5rt.a(vex_brain.cpp.obj)
                0x038096c0                vex::brain::lcd::printAt(long, long, char const*, ...)
 .text._ZN3vex5brain3lcd12_clearScreenEm
                0x03809714       0x38 C:\Program Files (x86)\VEX Robotics\VEXcode Pro V5\sdk/vexv5\libv5rt.a(vex_brain.cpp.obj)
                0x03809714                vex::brain::lcd::_clearScreen(unsigned long)
 .text._ZN3vex5brain3lcd11clearScreenERKNS_5colorE
                0x0380974c       0x20 C:\Program Files (x86)\VEX Robotics\VEXcode Pro V5\sdk/vexv5\libv5rt.a(vex_brain.cpp.obj)
                0x0380974c                vex::brain::lcd::clearScreen(vex::color const&)
 .text._ZN3vex5brain3lcd11clearScreenEv
                0x0380976c       0x2c C:\Program Files (x86)\VEX Robotics\VEXcode Pro V5\sdk/vexv5\libv5rt.a(vex_brain.cpp.obj)
                0x0380976c                vex::brain::lcd::clearScreen()
 .text._ZN3vex5brain3lcd8pressingEv
                0x03809798       0x20 C:\Program Files (x86)\VEX Robotics\VEXcode Pro V5\sdk/vexv5\libv5rt.a(vex_brain.cpp.obj)
                0x03809798                vex::brain::lcd::pressing()
 .text._ZN3vex5brain7battery8capacityENS_12percentUnitsE
                0x038097b8       0x18 C:\Program Files (x86)\VEX Robotics\VEXcode Pro V5\sdk/vexv5\libv5rt.a(vex_brain.cpp.obj)
                0x038097b8                vex::brain::battery::capacity(vex::percentUnits)
 .text._ZN3vex5brainD2Ev
                0x038097d0       0x20 C:\Program Files (x86)\VEX Robotics\VEXcode Pro V5\sdk/vexv5\libv5rt.a(vex_brain.cpp.obj)
                0x038097d0                vex::brain::~brain()
                0x038097d0                vex::brain::~brain()
 .text._ZN3vex11competition8_disableEPv
                0x038097f0       0xa4 C:\Program Files (x86)\VEX Robotics\VEXcode Pro V5\sdk/vexv5\libv5rt.a(vex_competition.cpp.obj)
                0x038097f0                vex::competition::_disable(void*)
 .text._ZN3vex11competition11_autonomousEv
                0x03809894       0x80 C:\Program Files (x86)\VEX Robotics\VEXcode Pro V5\sdk/vexv5\libv5rt.a(vex_competition.cpp.obj)
                0x03809894                vex::competition::_autonomous()
 .text._ZN3vex11competition14_drivercontrolEv
                0x03809914       0x80 C:\Program Files (x86)\VEX Robotics\VEXcode Pro V5\sdk/vexv5\libv5rt.a(vex_competition.cpp.obj)
                0x03809914                vex::competition::_drivercontrol()
 .text._ZN3vex11competitionC2Ev
                0x03809994      0x13c C:\Program Files (x86)\VEX Robotics\VEXcode Pro V5\sdk/vexv5\libv5rt.a(vex_competition.cpp.obj)
                0x03809994                vex::competition::competition()
                0x03809994                vex::competition::competition()
 .text._ZN3vex11competitionD2Ev
                0x03809ad0        0x4 C:\Program Files (x86)\VEX Robotics\VEXcode Pro V5\sdk/vexv5\libv5rt.a(vex_competition.cpp.obj)
                0x03809ad0                vex::competition::~competition()
                0x03809ad0                vex::competition::~competition()
 .text._ZN3vex11competition10autonomousEPFvvE
                0x03809ad4       0x44 C:\Program Files (x86)\VEX Robotics\VEXcode Pro V5\sdk/vexv5\libv5rt.a(vex_competition.cpp.obj)
                0x03809ad4                vex::competition::autonomous(void (*)())
 .text._ZN3vex11competition13drivercontrolEPFvvE
                0x03809b18       0x44 C:\Program Files (x86)\VEX Robotics\VEXcode Pro V5\sdk/vexv5\libv5rt.a(vex_competition.cpp.obj)
                0x03809b18                vex::competition::drivercontrol(void (*)())
 .text._ZN3vex7triportD2Ev
                0x03809b5c       0x38 C:\Program Files (x86)\VEX Robotics\VEXcode Pro V5\sdk/vexv5\libv5rt.a(vex_triport.cpp.obj)
                0x03809b5c                vex::triport::~triport()
                0x03809b5c                vex::triport::~triport()
 .text._ZN3vex7triportD0Ev
                0x03809b94       0x1c C:\Program Files (x86)\VEX Robotics\VEXcode Pro V5\sdk/vexv5\libv5rt.a(vex_triport.cpp.obj)
                0x03809b94                vex::triport::~triport()
 .text._ZN3vex7triport9installedEv
                0x03809bb0       0x18 C:\Program Files (x86)\VEX Robotics\VEXcode Pro V5\sdk/vexv5\libv5rt.a(vex_triport.cpp.obj)
                0x03809bb0                vex::triport::installed()
 .text._ZN3vex7triport4portC2ElPS0_
                0x03809bc8       0x74 C:\Program Files (x86)\VEX Robotics\VEXcode Pro V5\sdk/vexv5\libv5rt.a(vex_triport.cpp.obj)
                0x03809bc8                vex::triport::port::port(long, vex::triport*)
                0x03809bc8                vex::triport::port::port(long, vex::triport*)
 .text._ZN3vex7triportC2El
                0x03809c3c       0xf0 C:\Program Files (x86)\VEX Robotics\VEXcode Pro V5\sdk/vexv5\libv5rt.a(vex_triport.cpp.obj)
                0x03809c3c                vex::triport::triport(long)
                0x03809c3c                vex::triport::triport(long)
 .text._ZN3vex7triport4port4typeENS_11triportTypeE
                0x03809d2c       0x30 C:\Program Files (x86)\VEX Robotics\VEXcode Pro V5\sdk/vexv5\libv5rt.a(vex_triport.cpp.obj)
                0x03809d2c                vex::triport::port::type(vex::triportType)
 .text._ZN3vex7triport4port4typeEv
                0x03809d5c       0x38 C:\Program Files (x86)\VEX Robotics\VEXcode Pro V5\sdk/vexv5\libv5rt.a(vex_triport.cpp.obj)
                0x03809d5c                vex::triport::port::type()
 .text._ZN3vex7triport4port5valueEv
                0x03809d94       0x14 C:\Program Files (x86)\VEX Robotics\VEXcode Pro V5\sdk/vexv5\libv5rt.a(vex_triport.cpp.obj)
                0x03809d94                vex::triport::port::value()
 .text._ZN3vex7triport4port5valueEl
                0x03809da8       0x18 C:\Program Files (x86)\VEX Robotics\VEXcode Pro V5\sdk/vexv5\libv5rt.a(vex_triport.cpp.obj)
                0x03809da8                vex::triport::port::value(long)
 .text._ZN3vex7triport4port8rotationENS_13rotationUnitsE
                0x03809dc0       0x40 C:\Program Files (x86)\VEX Robotics\VEXcode Pro V5\sdk/vexv5\libv5rt.a(vex_triport.cpp.obj)
                0x03809dc0                vex::triport::port::rotation(vex::rotationUnits)
 .text._ZN3vex11__trideviceC2ERNS_7triport4portENS_11triportTypeE
                0x03809e00       0x5c C:\Program Files (x86)\VEX Robotics\VEXcode Pro V5\sdk/vexv5\libv5rt.a(vex_triport.cpp.obj)
                0x03809e00                vex::__tridevice::__tridevice(vex::triport::port&, vex::triportType)
                0x03809e00                vex::__tridevice::__tridevice(vex::triport::port&, vex::triportType)
 .text._ZN3vex11digital_outC2ERNS_7triport4portE
                0x03809e5c       0x18 C:\Program Files (x86)\VEX Robotics\VEXcode Pro V5\sdk/vexv5\libv5rt.a(vex_triport.cpp.obj)
                0x03809e5c                vex::digital_out::digital_out(vex::triport::port&)
                0x03809e5c                vex::digital_out::digital_out(vex::triport::port&)
 .text._ZN3vex11digital_out3setEb
                0x03809e74        0x8 C:\Program Files (x86)\VEX Robotics\VEXcode Pro V5\sdk/vexv5\libv5rt.a(vex_triport.cpp.obj)
                0x03809e74                vex::digital_out::set(bool)
 .text._ZN3vex10pneumaticsC2ERNS_7triport4portE
                0x03809e7c       0x14 C:\Program Files (x86)\VEX Robotics\VEXcode Pro V5\sdk/vexv5\libv5rt.a(vex_triport.cpp.obj)
                0x03809e7c                vex::pneumatics::pneumatics(vex::triport::port&)
                0x03809e7c                vex::pneumatics::pneumatics(vex::triport::port&)
 .text._ZN3vex10pneumaticsD2Ev
                0x03809e90        0x4 C:\Program Files (x86)\VEX Robotics\VEXcode Pro V5\sdk/vexv5\libv5rt.a(vex_triport.cpp.obj)
                0x03809e90                vex::pneumatics::~pneumatics()
                0x03809e90                vex::pneumatics::~pneumatics()
 .text._ZN3vex10pneumatics4openEv
                0x03809e94        0x8 C:\Program Files (x86)\VEX Robotics\VEXcode Pro V5\sdk/vexv5\libv5rt.a(vex_triport.cpp.obj)
                0x03809e94                vex::pneumatics::open()
 .text._ZN3vex10pneumatics5closeEv
                0x03809e9c        0x8 C:\Program Files (x86)\VEX Robotics\VEXcode Pro V5\sdk/vexv5\libv5rt.a(vex_triport.cpp.obj)
                0x03809e9c                vex::pneumatics::close()
 .text._ZN3vex7encoderC2ERNS_7triport4portE
                0x03809ea4       0x20 C:\Program Files (x86)\VEX Robotics\VEXcode Pro V5\sdk/vexv5\libv5rt.a(vex_triport.cpp.obj)
                0x03809ea4                vex::encoder::encoder(vex::triport::port&)
                0x03809ea4                vex::encoder::encoder(vex::triport::port&)
 .text._ZN3vex7encoderD2Ev
                0x03809ec4        0x4 C:\Program Files (x86)\VEX Robotics\VEXcode Pro V5\sdk/vexv5\libv5rt.a(vex_triport.cpp.obj)
                0x03809ec4                vex::encoder::~encoder()
                0x03809ec4                vex::encoder::~encoder()
 .text._ZN3vex7encoder8positionENS_13rotationUnitsE
                0x03809ec8        0x8 C:\Program Files (x86)\VEX Robotics\VEXcode Pro V5\sdk/vexv5\libv5rt.a(vex_triport.cpp.obj)
                0x03809ec8                vex::encoder::position(vex::rotationUnits)
 .text._ZN3vex5colorD2Ev
                0x03809ed0        0x4 C:\Program Files (x86)\VEX Robotics\VEXcode Pro V5\sdk/vexv5\libv5rt.a(vex_color.cpp.obj)
                0x03809ed0                vex::color::~color()
                0x03809ed0                vex::color::~color()
 .text._ZNK3vex5colorcvmEv
                0x03809ed4        0x8 C:\Program Files (x86)\VEX Robotics\VEXcode Pro V5\sdk/vexv5\libv5rt.a(vex_color.cpp.obj)
                0x03809ed4                vex::color::operator unsigned long() const
 .text.startup._GLOBAL__sub_I__ZN3vex5color5blackE
                0x03809edc      0x164 C:\Program Files (x86)\VEX Robotics\VEXcode Pro V5\sdk/vexv5\libv5rt.a(vex_color.cpp.obj)
 .text._ZN3vex5timerD2Ev
                0x0380a040        0x4 C:\Program Files (x86)\VEX Robotics\VEXcode Pro V5\sdk/vexv5\libv5rt.a(vex_timer.cpp.obj)
                0x0380a040                vex::timer::~timer()
                0x0380a040                vex::timer::~timer()
 .text._ZN3vex5timer5clearEv
                0x0380a044       0x1c C:\Program Files (x86)\VEX Robotics\VEXcode Pro V5\sdk/vexv5\libv5rt.a(vex_timer.cpp.obj)
                0x0380a044                vex::timer::clear()
 .text._ZN3vex5timerC2Ev
                0x0380a060       0x14 C:\Program Files (x86)\VEX Robotics\VEXcode Pro V5\sdk/vexv5\libv5rt.a(vex_timer.cpp.obj)
                0x0380a060                vex::timer::timer()
                0x0380a060                vex::timer::timer()
 .text._ZN3vex11motor_group18motor_group_motorsC2Ev
                0x0380a074       0x28 C:\Program Files (x86)\VEX Robotics\VEXcode Pro V5\sdk/vexv5\libv5rt.a(vex_motorgroup.cpp.obj)
                0x0380a074                vex::motor_group::motor_group_motors::motor_group_motors()
                0x0380a074                vex::motor_group::motor_group_motors::motor_group_motors()
 .text._ZN3vex11motor_group18motor_group_motorsC2ERKS1_
                0x0380a09c       0x20 C:\Program Files (x86)\VEX Robotics\VEXcode Pro V5\sdk/vexv5\libv5rt.a(vex_motorgroup.cpp.obj)
                0x0380a09c                vex::motor_group::motor_group_motors::motor_group_motors(vex::motor_group::motor_group_motors const&)
                0x0380a09c                vex::motor_group::motor_group_motors::motor_group_motors(vex::motor_group::motor_group_motors const&)
 .text._ZN3vex11motor_groupC2Ev
                0x0380a0bc       0x1c C:\Program Files (x86)\VEX Robotics\VEXcode Pro V5\sdk/vexv5\libv5rt.a(vex_motorgroup.cpp.obj)
                0x0380a0bc                vex::motor_group::motor_group()
                0x0380a0bc                vex::motor_group::motor_group()
 .text._ZN3vex11motor_groupD2Ev
                0x0380a0d8        0x4 C:\Program Files (x86)\VEX Robotics\VEXcode Pro V5\sdk/vexv5\libv5rt.a(vex_motorgroup.cpp.obj)
                0x0380a0d8                vex::motor_group::~motor_group()
                0x0380a0d8                vex::motor_group::~motor_group()
 .text._ZN3vex11motor_group9_addMotorERNS_5motorE
                0x0380a0dc       0x20 C:\Program Files (x86)\VEX Robotics\VEXcode Pro V5\sdk/vexv5\libv5rt.a(vex_motorgroup.cpp.obj)
                0x0380a0dc                vex::motor_group::_addMotor(vex::motor&)
 .text._ZN3vex11motor_group11setStoppingENS_9brakeTypeE
                0x0380a0fc       0x38 C:\Program Files (x86)\VEX Robotics\VEXcode Pro V5\sdk/vexv5\libv5rt.a(vex_motorgroup.cpp.obj)
                0x0380a0fc                vex::motor_group::setStopping(vex::brakeType)
 .text._ZN3vex11motor_group4spinENS_13directionTypeEdNS_13velocityUnitsE
                0x0380a134       0x54 C:\Program Files (x86)\VEX Robotics\VEXcode Pro V5\sdk/vexv5\libv5rt.a(vex_motorgroup.cpp.obj)
                0x0380a134                vex::motor_group::spin(vex::directionType, double, vex::velocityUnits)
 .text._ZN3vex11motor_group4spinENS_13directionTypeEdNS_12voltageUnitsE
                0x0380a188       0x54 C:\Program Files (x86)\VEX Robotics\VEXcode Pro V5\sdk/vexv5\libv5rt.a(vex_motorgroup.cpp.obj)
                0x0380a188                vex::motor_group::spin(vex::directionType, double, vex::voltageUnits)
 .text._ZN3vex11motor_group10isSpinningEv
                0x0380a1dc       0x40 C:\Program Files (x86)\VEX Robotics\VEXcode Pro V5\sdk/vexv5\libv5rt.a(vex_motorgroup.cpp.obj)
                0x0380a1dc                vex::motor_group::isSpinning()
 .text._ZN3vex11motor_group6isDoneEv
                0x0380a21c       0x14 C:\Program Files (x86)\VEX Robotics\VEXcode Pro V5\sdk/vexv5\libv5rt.a(vex_motorgroup.cpp.obj)
                0x0380a21c                vex::motor_group::isDone()
 .text._ZN3vex11motor_group4stopEv
                0x0380a230       0x30 C:\Program Files (x86)\VEX Robotics\VEXcode Pro V5\sdk/vexv5\libv5rt.a(vex_motorgroup.cpp.obj)
                0x0380a230                vex::motor_group::stop()
 .text._ZN3vex11motor_group4stopENS_9brakeTypeE
                0x0380a260       0x38 C:\Program Files (x86)\VEX Robotics\VEXcode Pro V5\sdk/vexv5\libv5rt.a(vex_motorgroup.cpp.obj)
                0x0380a260                vex::motor_group::stop(vex::brakeType)
 .text._ZN3vex11motor_group8positionENS_13rotationUnitsE
                0x0380a298        0xc C:\Program Files (x86)\VEX Robotics\VEXcode Pro V5\sdk/vexv5\libv5rt.a(vex_motorgroup.cpp.obj)
                0x0380a298                vex::motor_group::position(vex::rotationUnits)
 .text._ZN3vex11motor_group20waitForCompletionAllEv
                0x0380a2a4       0x60 C:\Program Files (x86)\VEX Robotics\VEXcode Pro V5\sdk/vexv5\libv5rt.a(vex_motorgroup.cpp.obj)
                0x0380a2a4                vex::motor_group::waitForCompletionAll()
 .text._ZN3vex11motor_group7spinForENS_13directionTypeEdNS_13rotationUnitsEdNS_13velocityUnitsEb
                0x0380a304       0xa8 C:\Program Files (x86)\VEX Robotics\VEXcode Pro V5\sdk/vexv5\libv5rt.a(vex_motorgroup.cpp.obj)
                0x0380a304                vex::motor_group::spinFor(vex::directionType, double, vex::rotationUnits, double, vex::velocityUnits, bool)
 .text.vexAdiPortConfigSet
                0x0380a3ac       0x28 C:\Program Files (x86)\VEX Robotics\VEXcode Pro V5\sdk/vexv5\libv5rt.a(v5_apiuser.c.obj)
                0x0380a3ac                vexAdiPortConfigSet
 .text.vexAdiPortConfigGet
                0x0380a3d4       0x28 C:\Program Files (x86)\VEX Robotics\VEXcode Pro V5\sdk/vexv5\libv5rt.a(v5_apiuser.c.obj)
                0x0380a3d4                vexAdiPortConfigGet
 .text.vexAdiValueSet
                0x0380a3fc       0x28 C:\Program Files (x86)\VEX Robotics\VEXcode Pro V5\sdk/vexv5\libv5rt.a(v5_apiuser.c.obj)
                0x0380a3fc                vexAdiValueSet
 .text.vexAdiValueGet
                0x0380a424       0x20 C:\Program Files (x86)\VEX Robotics\VEXcode Pro V5\sdk/vexv5\libv5rt.a(v5_apiuser.c.obj)
                0x0380a424                vexAdiValueGet
 .text.vexMotorVelocitySet
                0x0380a444       0x20 C:\Program Files (x86)\VEX Robotics\VEXcode Pro V5\sdk/vexv5\libv5rt.a(v5_apiuser.c.obj)
                0x0380a444                vexMotorVelocitySet
 .text.vexMotorVoltageSet
                0x0380a464       0x20 C:\Program Files (x86)\VEX Robotics\VEXcode Pro V5\sdk/vexv5\libv5rt.a(v5_apiuser.c.obj)
                0x0380a464                vexMotorVoltageSet
 .text.vexMotorVelocityGet
                0x0380a484       0x18 C:\Program Files (x86)\VEX Robotics\VEXcode Pro V5\sdk/vexv5\libv5rt.a(v5_apiuser.c.obj)
                0x0380a484                vexMotorVelocityGet
 .text.vexMotorActualVelocityGet
                0x0380a49c       0x24 C:\Program Files (x86)\VEX Robotics\VEXcode Pro V5\sdk/vexv5\libv5rt.a(v5_apiuser.c.obj)
                0x0380a49c                vexMotorActualVelocityGet
 .text.vexMotorModeGet
                0x0380a4c0       0x18 C:\Program Files (x86)\VEX Robotics\VEXcode Pro V5\sdk/vexv5\libv5rt.a(v5_apiuser.c.obj)
                0x0380a4c0                vexMotorModeGet
 .text.vexMotorZeroPositionFlagGet
                0x0380a4d8       0x18 C:\Program Files (x86)\VEX Robotics\VEXcode Pro V5\sdk/vexv5\libv5rt.a(v5_apiuser.c.obj)
                0x0380a4d8                vexMotorZeroPositionFlagGet
 .text.vexMotorReverseFlagSet
                0x0380a4f0       0x20 C:\Program Files (x86)\VEX Robotics\VEXcode Pro V5\sdk/vexv5\libv5rt.a(v5_apiuser.c.obj)
                0x0380a4f0                vexMotorReverseFlagSet
 .text.vexMotorEncoderUnitsSet
                0x0380a510       0x20 C:\Program Files (x86)\VEX Robotics\VEXcode Pro V5\sdk/vexv5\libv5rt.a(v5_apiuser.c.obj)
                0x0380a510                vexMotorEncoderUnitsSet
 .text.vexMotorBrakeModeSet
                0x0380a530       0x20 C:\Program Files (x86)\VEX Robotics\VEXcode Pro V5\sdk/vexv5\libv5rt.a(v5_apiuser.c.obj)
                0x0380a530                vexMotorBrakeModeSet
 .text.vexMotorPositionSet
                0x0380a550       0x28 C:\Program Files (x86)\VEX Robotics\VEXcode Pro V5\sdk/vexv5\libv5rt.a(v5_apiuser.c.obj)
                0x0380a550                vexMotorPositionSet
 .text.vexMotorPositionGet
                0x0380a578       0x24 C:\Program Files (x86)\VEX Robotics\VEXcode Pro V5\sdk/vexv5\libv5rt.a(v5_apiuser.c.obj)
                0x0380a578                vexMotorPositionGet
 .text.vexMotorRelativeTargetSet
                0x0380a59c       0x30 C:\Program Files (x86)\VEX Robotics\VEXcode Pro V5\sdk/vexv5\libv5rt.a(v5_apiuser.c.obj)
                0x0380a59c                vexMotorRelativeTargetSet
 .text.vexMotorGearingSet
                0x0380a5cc       0x20 C:\Program Files (x86)\VEX Robotics\VEXcode Pro V5\sdk/vexv5\libv5rt.a(v5_apiuser.c.obj)
                0x0380a5cc                vexMotorGearingSet
 .text.vexMotorGearingGet
                0x0380a5ec       0x18 C:\Program Files (x86)\VEX Robotics\VEXcode Pro V5\sdk/vexv5\libv5rt.a(v5_apiuser.c.obj)
                0x0380a5ec                vexMotorGearingGet
 .text.vexImuReset
                0x0380a604       0x10 C:\Program Files (x86)\VEX Robotics\VEXcode Pro V5\sdk/vexv5\libv5rt.a(v5_apiuser.c.obj)
                0x0380a604                vexImuReset
 .text.vexImuHeadingGet
                0x0380a614       0x10 C:\Program Files (x86)\VEX Robotics\VEXcode Pro V5\sdk/vexv5\libv5rt.a(v5_apiuser.c.obj)
                0x0380a614                vexImuHeadingGet
 .text.vexImuDegreesGet
                0x0380a624       0x10 C:\Program Files (x86)\VEX Robotics\VEXcode Pro V5\sdk/vexv5\libv5rt.a(v5_apiuser.c.obj)
                0x0380a624                vexImuDegreesGet
 .text.vexImuStatusGet
                0x0380a634       0x10 C:\Program Files (x86)\VEX Robotics\VEXcode Pro V5\sdk/vexv5\libv5rt.a(v5_apiuser.c.obj)
                0x0380a634                vexImuStatusGet
 .text.vexAbsEncPositionGet
                0x0380a644       0x10 C:\Program Files (x86)\VEX Robotics\VEXcode Pro V5\sdk/vexv5\libv5rt.a(v5_apiuser.c.obj)
                0x0380a644                vexAbsEncPositionGet
 .text.vexAbsEncAngleGet
                0x0380a654       0x10 C:\Program Files (x86)\VEX Robotics\VEXcode Pro V5\sdk/vexv5\libv5rt.a(v5_apiuser.c.obj)
                0x0380a654                vexAbsEncAngleGet
 .text.vexAbsEncReverseFlagSet
                0x0380a664       0x18 C:\Program Files (x86)\VEX Robotics\VEXcode Pro V5\sdk/vexv5\libv5rt.a(v5_apiuser.c.obj)
                0x0380a664                vexAbsEncReverseFlagSet
 .text.vexOpticalHueGet
                0x0380a67c       0x10 C:\Program Files (x86)\VEX Robotics\VEXcode Pro V5\sdk/vexv5\libv5rt.a(v5_apiuser.c.obj)
                0x0380a67c                vexOpticalHueGet
 .text.vexOpticalLedPwmSet
                0x0380a68c       0x18 C:\Program Files (x86)\VEX Robotics\VEXcode Pro V5\sdk/vexv5\libv5rt.a(v5_apiuser.c.obj)
                0x0380a68c                vexOpticalLedPwmSet
 .text.vexOpticalGestureEnable
                0x0380a6a4       0x10 C:\Program Files (x86)\VEX Robotics\VEXcode Pro V5\sdk/vexv5\libv5rt.a(v5_apiuser.c.obj)
                0x0380a6a4                vexOpticalGestureEnable
 .text.vexOpticalGestureDisable
                0x0380a6b4       0x10 C:\Program Files (x86)\VEX Robotics\VEXcode Pro V5\sdk/vexv5\libv5rt.a(v5_apiuser.c.obj)
                0x0380a6b4                vexOpticalGestureDisable
 .text.vexOpticalProximityThreshold
                0x0380a6c4       0x18 C:\Program Files (x86)\VEX Robotics\VEXcode Pro V5\sdk/vexv5\libv5rt.a(v5_apiuser.c.obj)
                0x0380a6c4                vexOpticalProximityThreshold
 .text.vexOpticalIntegrationTimeSet
                0x0380a6dc       0x20 C:\Program Files (x86)\VEX Robotics\VEXcode Pro V5\sdk/vexv5\libv5rt.a(v5_apiuser.c.obj)
                0x0380a6dc                vexOpticalIntegrationTimeSet
 .text.vexDistanceDistanceGet
                0x0380a6fc       0x10 C:\Program Files (x86)\VEX Robotics\VEXcode Pro V5\sdk/vexv5\libv5rt.a(v5_apiuser.c.obj)
                0x0380a6fc                vexDistanceDistanceGet
 .text.vexEventMaskSet
                0x0380a70c       0x28 C:\Program Files (x86)\VEX Robotics\VEXcode Pro V5\sdk/vexv5\libv5rt.a(v5_apiuser.c.obj)
                0x0380a70c                vexEventMaskSet
 .text.vexEventMaskGet
                0x0380a734       0x18 C:\Program Files (x86)\VEX Robotics\VEXcode Pro V5\sdk/vexv5\libv5rt.a(v5_apiuser.c.obj)
                0x0380a734                vexEventMaskGet
 .text._ZN3vex6deviceD2Ev
                0x0380a74c        0x4 C:\Program Files (x86)\VEX Robotics\VEXcode Pro V5\sdk/vexv5\libv5rt.a(vex_device.cpp.obj)
                0x0380a74c                vex::device::~device()
                0x0380a74c                vex::device::~device()
 .text._ZN3vex6device5valueEv
                0x0380a750        0x8 C:\Program Files (x86)\VEX Robotics\VEXcode Pro V5\sdk/vexv5\libv5rt.a(vex_device.cpp.obj)
                0x0380a750                vex::device::value()
 .text._ZN3vex6deviceD0Ev
                0x0380a758       0x14 C:\Program Files (x86)\VEX Robotics\VEXcode Pro V5\sdk/vexv5\libv5rt.a(vex_device.cpp.obj)
                0x0380a758                vex::device::~device()
 .text._ZN3vex6device4initEl
                0x0380a76c       0x30 C:\Program Files (x86)\VEX Robotics\VEXcode Pro V5\sdk/vexv5\libv5rt.a(vex_device.cpp.obj)
                0x0380a76c                vex::device::init(long)
 .text._ZN3vex6deviceC2El
                0x0380a79c       0x20 C:\Program Files (x86)\VEX Robotics\VEXcode Pro V5\sdk/vexv5\libv5rt.a(vex_device.cpp.obj)
                0x0380a79c                vex::device::device(long)
                0x0380a79c                vex::device::device(long)
 .text._ZN3vex6device4typeEv
                0x0380a7bc       0x10 C:\Program Files (x86)\VEX Robotics\VEXcode Pro V5\sdk/vexv5\libv5rt.a(vex_device.cpp.obj)
                0x0380a7bc                vex::device::type()
 .text._ZN3vex6device9installedEv
                0x0380a7cc       0x14 C:\Program Files (x86)\VEX Robotics\VEXcode Pro V5\sdk/vexv5\libv5rt.a(vex_device.cpp.obj)
                0x0380a7cc                vex::device::installed()
 .text.__libc_fini_array
                0x0380a7e0       0x30 C:\Program Files (x86)\VEX Robotics\VEXcode Pro V5\sdk/vexv5/gcc/libs\libc.a(lib_a-fini.o)
                0x0380a7e0                __libc_fini_array
 .text.__libc_init_array
                0x0380a810       0x58 C:\Program Files (x86)\VEX Robotics\VEXcode Pro V5\sdk/vexv5/gcc/libs\libc.a(lib_a-init.o)
                0x0380a810                __libc_init_array
 .text._puts_r  0x0380a868       0x68 C:\Program Files (x86)\VEX Robotics\VEXcode Pro V5\sdk/vexv5/gcc/libs\libc.a(lib_a-puts.o)
                0x0380a868                _puts_r
 .text.puts     0x0380a8d0       0x10 C:\Program Files (x86)\VEX Robotics\VEXcode Pro V5\sdk/vexv5/gcc/libs\libc.a(lib_a-puts.o)
                0x0380a8d0                puts
 .text.round    0x0380a8e0       0x94 C:\Program Files (x86)\VEX Robotics\VEXcode Pro V5\sdk/vexv5/gcc/libs\libm.a(lib_a-s_round.o)
                0x0380a8e0                round
 .text.hypot    0x0380a974       0xb4 C:\Program Files (x86)\VEX Robotics\VEXcode Pro V5\sdk/vexv5/gcc/libs\libm.a(lib_a-w_hypot.o)
                0x0380a974                hypot
 .text.__ieee754_hypot
                0x0380aa28      0x198 C:\Program Files (x86)\VEX Robotics\VEXcode Pro V5\sdk/vexv5/gcc/libs\libm.a(lib_a-e_hypot.o)
                0x0380aa28                __ieee754_hypot
 .text.__ieee754_hypot.__stub
                0x0380abc0       0x18 linker stubs
 *(.gnu.linkonce.t.*)
 *(.plt)
 *(.gnu_warning)
 *(.gcc_except_table)
 *(.glue_7)
 .glue_7        0x00000000        0x0 linker stubs
 *(.glue_7t)
 .glue_7t       0x00000000        0x0 linker stubs
 *(.vfp11_veneer)
 .vfp11_veneer  0x00000000        0x0 linker stubs
 *(.ARM.extab)
 *(.gnu.linkonce.armextab.*)

.v4_bx          0x0380abd8        0x0
 .v4_bx         0x00000000        0x0 linker stubs

.iplt           0x0380abd8        0x0
 .iplt          0x00000000        0x0 build/src/functions.o

.init
 *(.init)

.fini
 *(.fini)

.rodata         0x0380abd8      0x5a0
                0x0380abd8                __rodata_start = .
 *(.rodata)
 *(.rodata.*)
 .rodata.str1.1
                0x0380abd8      0x147 build/src/functions.o
 .rodata.str1.1
                0x0380ad1f      0x16b build/src/main.o
                                0x16e (size before relaxing)
 .rodata.str1.1
                0x0380ae8a       0x91 build/src/autons.o
                                 0x9f (size before relaxing)
 .rodata.str1.1
                0x0380af1b       0x2e C:\Program Files (x86)\VEX Robotics\VEXcode Pro V5\sdk/vexv5\libv5rt.a(v5_startup.c.obj)
 *fill*         0x0380af49        0x3 
 .rodata._ZN3vex6PORT20E
                0x0380af4c        0x4 C:\Program Files (x86)\VEX Robotics\VEXcode Pro V5\sdk/vexv5\libv5rt.a(vex_global.cpp.obj)
                0x0380af4c                vex::PORT20
 .rodata._ZN3vex3fwdE
                0x0380af50        0x4 C:\Program Files (x86)\VEX Robotics\VEXcode Pro V5\sdk/vexv5\libv5rt.a(vex_global.cpp.obj)
                0x0380af50                vex::fwd
 .rodata._ZN3vex5PORT3E
                0x0380af54        0x4 C:\Program Files (x86)\VEX Robotics\VEXcode Pro V5\sdk/vexv5\libv5rt.a(vex_global.cpp.obj)
                0x0380af54                vex::PORT3
 .rodata._ZN3vex5PORT1E
                0x0380af58        0x4 C:\Program Files (x86)\VEX Robotics\VEXcode Pro V5\sdk/vexv5\libv5rt.a(vex_global.cpp.obj)
                0x0380af58                vex::PORT1
 .rodata._ZN3vex7reverseE
                0x0380af5c        0x4 C:\Program Files (x86)\VEX Robotics\VEXcode Pro V5\sdk/vexv5\libv5rt.a(vex_global.cpp.obj)
                0x0380af5c                vex::reverse
 .rodata._ZN3vex4voltE
                0x0380af60        0x4 C:\Program Files (x86)\VEX Robotics\VEXcode Pro V5\sdk/vexv5\libv5rt.a(vex_global.cpp.obj)
                0x0380af60                vex::volt
 .rodata._ZN3vex6PORT10E
                0x0380af64        0x4 C:\Program Files (x86)\VEX Robotics\VEXcode Pro V5\sdk/vexv5\libv5rt.a(vex_global.cpp.obj)
                0x0380af64                vex::PORT10
 .rodata._ZN3vex6PORT14E
                0x0380af68        0x4 C:\Program Files (x86)\VEX Robotics\VEXcode Pro V5\sdk/vexv5\libv5rt.a(vex_global.cpp.obj)
                0x0380af68                vex::PORT14
 .rodata._ZN3vex3pctE
                0x0380af6c        0x4 C:\Program Files (x86)\VEX Robotics\VEXcode Pro V5\sdk/vexv5\libv5rt.a(vex_global.cpp.obj)
                0x0380af6c                vex::pct
 .rodata._ZN3vex4msecE
                0x0380af70        0x4 C:\Program Files (x86)\VEX Robotics\VEXcode Pro V5\sdk/vexv5\libv5rt.a(vex_global.cpp.obj)
                0x0380af70                vex::msec
 .rodata._ZN3vex6PORT18E
                0x0380af74        0x4 C:\Program Files (x86)\VEX Robotics\VEXcode Pro V5\sdk/vexv5\libv5rt.a(vex_global.cpp.obj)
                0x0380af74                vex::PORT18
 .rodata._ZN3vex5PORT9E
                0x0380af78        0x4 C:\Program Files (x86)\VEX Robotics\VEXcode Pro V5\sdk/vexv5\libv5rt.a(vex_global.cpp.obj)
                0x0380af78                vex::PORT9
 .rodata._ZN3vex5PORT2E
                0x0380af7c        0x4 C:\Program Files (x86)\VEX Robotics\VEXcode Pro V5\sdk/vexv5\libv5rt.a(vex_global.cpp.obj)
                0x0380af7c                vex::PORT2
 .rodata._ZN3vex3rpmE
                0x0380af80        0x4 C:\Program Files (x86)\VEX Robotics\VEXcode Pro V5\sdk/vexv5\libv5rt.a(vex_global.cpp.obj)
                0x0380af80                vex::rpm
 .rodata._ZN3vex7primaryE